Archive member included to satisfy reference by file (symbol)

c:/st/stm32cubeide_1.0.1/stm32cubeide/plugins/com.st.stm32cube.ide.mcu.externaltools.gnu-tools-for-stm32.9-2020-q2-update.win32_1.5.0.202011040924/tools/bin/../lib/gcc/arm-none-eabi/9.3.1/../../../../arm-none-eabi/lib/thumb/v7e-m+fp/hard\libc_nano.a(lib_a-errno.o)
                              Core/Src/syscalls.o (__errno)
c:/st/stm32cubeide_1.0.1/stm32cubeide/plugins/com.st.stm32cube.ide.mcu.externaltools.gnu-tools-for-stm32.9-2020-q2-update.win32_1.5.0.202011040924/tools/bin/../lib/gcc/arm-none-eabi/9.3.1/../../../../arm-none-eabi/lib/thumb/v7e-m+fp/hard\libc_nano.a(lib_a-exit.o)
                              c:/st/stm32cubeide_1.0.1/stm32cubeide/plugins/com.st.stm32cube.ide.mcu.externaltools.gnu-tools-for-stm32.9-2020-q2-update.win32_1.5.0.202011040924/tools/bin/../lib/gcc/arm-none-eabi/9.3.1/../../../../arm-none-eabi/lib/thumb/v7e-m+fp/hard/crt0.o (exit)
c:/st/stm32cubeide_1.0.1/stm32cubeide/plugins/com.st.stm32cube.ide.mcu.externaltools.gnu-tools-for-stm32.9-2020-q2-update.win32_1.5.0.202011040924/tools/bin/../lib/gcc/arm-none-eabi/9.3.1/../../../../arm-none-eabi/lib/thumb/v7e-m+fp/hard\libc_nano.a(lib_a-impure.o)
                              c:/st/stm32cubeide_1.0.1/stm32cubeide/plugins/com.st.stm32cube.ide.mcu.externaltools.gnu-tools-for-stm32.9-2020-q2-update.win32_1.5.0.202011040924/tools/bin/../lib/gcc/arm-none-eabi/9.3.1/../../../../arm-none-eabi/lib/thumb/v7e-m+fp/hard\libc_nano.a(lib_a-exit.o) (_global_impure_ptr)
c:/st/stm32cubeide_1.0.1/stm32cubeide/plugins/com.st.stm32cube.ide.mcu.externaltools.gnu-tools-for-stm32.9-2020-q2-update.win32_1.5.0.202011040924/tools/bin/../lib/gcc/arm-none-eabi/9.3.1/../../../../arm-none-eabi/lib/thumb/v7e-m+fp/hard\libc_nano.a(lib_a-init.o)
                              c:/st/stm32cubeide_1.0.1/stm32cubeide/plugins/com.st.stm32cube.ide.mcu.externaltools.gnu-tools-for-stm32.9-2020-q2-update.win32_1.5.0.202011040924/tools/bin/../lib/gcc/arm-none-eabi/9.3.1/../../../../arm-none-eabi/lib/thumb/v7e-m+fp/hard/crt0.o (__libc_init_array)
c:/st/stm32cubeide_1.0.1/stm32cubeide/plugins/com.st.stm32cube.ide.mcu.externaltools.gnu-tools-for-stm32.9-2020-q2-update.win32_1.5.0.202011040924/tools/bin/../lib/gcc/arm-none-eabi/9.3.1/../../../../arm-none-eabi/lib/thumb/v7e-m+fp/hard\libc_nano.a(lib_a-malloc.o)
                              Middlewares/ST/STM32_USB_Host_Library/Class/MSC/Src/usbh_msc.o (malloc)
c:/st/stm32cubeide_1.0.1/stm32cubeide/plugins/com.st.stm32cube.ide.mcu.externaltools.gnu-tools-for-stm32.9-2020-q2-update.win32_1.5.0.202011040924/tools/bin/../lib/gcc/arm-none-eabi/9.3.1/../../../../arm-none-eabi/lib/thumb/v7e-m+fp/hard\libc_nano.a(lib_a-memcpy-stub.o)
                              Middlewares/ST/STM32_USB_Host_Library/Class/MSC/Src/usbh_msc.o (memcpy)
c:/st/stm32cubeide_1.0.1/stm32cubeide/plugins/com.st.stm32cube.ide.mcu.externaltools.gnu-tools-for-stm32.9-2020-q2-update.win32_1.5.0.202011040924/tools/bin/../lib/gcc/arm-none-eabi/9.3.1/../../../../arm-none-eabi/lib/thumb/v7e-m+fp/hard\libc_nano.a(lib_a-memset.o)
                              c:/st/stm32cubeide_1.0.1/stm32cubeide/plugins/com.st.stm32cube.ide.mcu.externaltools.gnu-tools-for-stm32.9-2020-q2-update.win32_1.5.0.202011040924/tools/bin/../lib/gcc/arm-none-eabi/9.3.1/../../../../arm-none-eabi/lib/thumb/v7e-m+fp/hard/crt0.o (memset)
c:/st/stm32cubeide_1.0.1/stm32cubeide/plugins/com.st.stm32cube.ide.mcu.externaltools.gnu-tools-for-stm32.9-2020-q2-update.win32_1.5.0.202011040924/tools/bin/../lib/gcc/arm-none-eabi/9.3.1/../../../../arm-none-eabi/lib/thumb/v7e-m+fp/hard\libc_nano.a(lib_a-nano-freer.o)
                              c:/st/stm32cubeide_1.0.1/stm32cubeide/plugins/com.st.stm32cube.ide.mcu.externaltools.gnu-tools-for-stm32.9-2020-q2-update.win32_1.5.0.202011040924/tools/bin/../lib/gcc/arm-none-eabi/9.3.1/../../../../arm-none-eabi/lib/thumb/v7e-m+fp/hard\libc_nano.a(lib_a-malloc.o) (_free_r)
c:/st/stm32cubeide_1.0.1/stm32cubeide/plugins/com.st.stm32cube.ide.mcu.externaltools.gnu-tools-for-stm32.9-2020-q2-update.win32_1.5.0.202011040924/tools/bin/../lib/gcc/arm-none-eabi/9.3.1/../../../../arm-none-eabi/lib/thumb/v7e-m+fp/hard\libc_nano.a(lib_a-nano-mallocr.o)
                              c:/st/stm32cubeide_1.0.1/stm32cubeide/plugins/com.st.stm32cube.ide.mcu.externaltools.gnu-tools-for-stm32.9-2020-q2-update.win32_1.5.0.202011040924/tools/bin/../lib/gcc/arm-none-eabi/9.3.1/../../../../arm-none-eabi/lib/thumb/v7e-m+fp/hard\libc_nano.a(lib_a-malloc.o) (_malloc_r)
c:/st/stm32cubeide_1.0.1/stm32cubeide/plugins/com.st.stm32cube.ide.mcu.externaltools.gnu-tools-for-stm32.9-2020-q2-update.win32_1.5.0.202011040924/tools/bin/../lib/gcc/arm-none-eabi/9.3.1/../../../../arm-none-eabi/lib/thumb/v7e-m+fp/hard\libc_nano.a(lib_a-sbrkr.o)
[...]
Memory Configuration

Name             Origin             Length             Attributes
CCMRAM           0x0000000010000000 0x0000000000010000 xrw
RAM              0x0000000020000000 0x0000000000020000 xrw
FLASH            0x0000000008000000 0x0000000000100000 xr
*default*        0x0000000000000000 0xffffffffffffffff

Linker script and memory map

LOAD c:/st/stm32cubeide_1.0.1/stm32cubeide/plugins/com.st.stm32cube.ide.mcu.externaltools.gnu-tools-for-stm32.9-2020-q2-update.win32_1.5.0.202011040924/tools/bin/../lib/gcc/arm-none-eabi/9.3.1/thumb/v7e-m+fp/hard/crti.o
LOAD c:/st/stm32cubeide_1.0.1/stm32cubeide/plugins/com.st.stm32cube.ide.mcu.externaltools.gnu-tools-for-stm32.9-2020-q2-update.win32_1.5.0.202011040924/tools/bin/../lib/gcc/arm-none-eabi/9.3.1/thumb/v7e-m+fp/hard/crtbegin.o
LOAD c:/st/stm32cubeide_1.0.1/stm32cubeide/plugins/com.st.stm32cube.ide.mcu.externaltools.gnu-tools-for-stm32.9-2020-q2-update.win32_1.5.0.202011040924/tools/bin/../lib/gcc/arm-none-eabi/9.3.1/../../../../arm-none-eabi/lib/thumb/v7e-m+fp/hard/crt0.o
LOAD Core/Src/CS43L22.o
LOAD Core/Src/main.o
LOAD Core/Src/stm32f4xx_hal_msp.o
LOAD Core/Src/stm32f4xx_it.o
LOAD Core/Src/syscalls.o
LOAD Core/Src/sysmem.o
LOAD Core/Src/system_stm32f4xx.o
LOAD Core/Startup/startup_stm32f407vgtx.o
LOAD Drivers/STM32F4xx_HAL_Driver/Src/stm32f4xx_hal.o
LOAD Drivers/STM32F4xx_HAL_Driver/Src/stm32f4xx_hal_cortex.o
LOAD Drivers/STM32F4xx_HAL_Driver/Src/stm32f4xx_hal_dma.o
LOAD Drivers/STM32F4xx_HAL_Driver/Src/stm32f4xx_hal_dma_ex.o
LOAD Drivers/STM32F4xx_HAL_Driver/Src/stm32f4xx_hal_exti.o
LOAD Drivers/STM32F4xx_HAL_Driver/Src/stm32f4xx_hal_flash.o
LOAD Drivers/STM32F4xx_HAL_Driver/Src/stm32f4xx_hal_flash_ex.o
LOAD Drivers/STM32F4xx_HAL_Driver/Src/stm32f4xx_hal_flash_ramfunc.o
LOAD Drivers/STM32F4xx_HAL_Driver/Src/stm32f4xx_hal_gpio.o
LOAD Drivers/STM32F4xx_HAL_Driver/Src/stm32f4xx_hal_hcd.o
LOAD Drivers/STM32F4xx_HAL_Driver/Src/stm32f4xx_hal_i2c.o
LOAD Drivers/STM32F4xx_HAL_Driver/Src/stm32f4xx_hal_i2c_ex.o
LOAD Drivers/STM32F4xx_HAL_Driver/Src/stm32f4xx_hal_i2s.o
LOAD Drivers/STM32F4xx_HAL_Driver/Src/stm32f4xx_hal_i2s_ex.o
LOAD Drivers/STM32F4xx_HAL_Driver/Src/stm32f4xx_hal_pwr.o
LOAD Drivers/STM32F4xx_HAL_Driver/Src/stm32f4xx_hal_pwr_ex.o
LOAD Drivers/STM32F4xx_HAL_Driver/Src/stm32f4xx_hal_rcc.o
LOAD Drivers/STM32F4xx_HAL_Driver/Src/stm32f4xx_hal_rcc_ex.o
LOAD Drivers/STM32F4xx_HAL_Driver/Src/stm32f4xx_hal_spi.o
LOAD Drivers/STM32F4xx_HAL_Driver/Src/stm32f4xx_hal_tim.o
LOAD Drivers/STM32F4xx_HAL_Driver/Src/stm32f4xx_hal_tim_ex.o
LOAD Drivers/STM32F4xx_HAL_Driver/Src/stm32f4xx_ll_usb.o
LOAD FATFS/App/fatfs.o
LOAD FATFS/Target/usbh_diskio.o
LOAD Middlewares/ST/STM32_USB_Host_Library/Class/MSC/Src/usbh_msc.o
LOAD Middlewares/ST/STM32_USB_Host_Library/Class/MSC/Src/usbh_msc_bot.o
LOAD Middlewares/ST/STM32_USB_Host_Library/Class/MSC/Src/usbh_msc_scsi.o
LOAD Middlewares/ST/STM32_USB_Host_Library/Core/Src/usbh_core.o
LOAD Middlewares/ST/STM32_USB_Host_Library/Core/Src/usbh_ctlreq.o
LOAD Middlewares/ST/STM32_USB_Host_Library/Core/Src/usbh_ioreq.o
LOAD Middlewares/ST/STM32_USB_Host_Library/Core/Src/usbh_pipes.o
LOAD Middlewares/Third_Party/FatFs/src/diskio.o
LOAD Middlewares/Third_Party/FatFs/src/ff.o
LOAD Middlewares/Third_Party/FatFs/src/ff_gen_drv.o
LOAD Middlewares/Third_Party/FatFs/src/option/syscall.o
LOAD USB_HOST/App/usb_host.o
LOAD USB_HOST/Target/usbh_conf.o
LOAD USB_HOST/Target/usbh_platform.o
START GROUP
LOAD c:/st/stm32cubeide_1.0.1/stm32cubeide/plugins/com.st.stm32cube.ide.mcu.externaltools.gnu-tools-for-stm32.9-2020-q2-update.win32_1.5.0.202011040924/tools/bin/../lib/gcc/arm-none-eabi/9.3.1/../../../../arm-none-eabi/lib/thumb/v7e-m+fp/hard\libc_nano.a
LOAD c:/st/stm32cubeide_1.0.1/stm32cubeide/plugins/com.st.stm32cube.ide.mcu.externaltools.gnu-tools-for-stm32.9-2020-q2-update.win32_1.5.0.202011040924/tools/bin/../lib/gcc/arm-none-eabi/9.3.1/../../../../arm-none-eabi/lib/thumb/v7e-m+fp/hard\libm.a
END GROUP
START GROUP
LOAD c:/st/stm32cubeide_1.0.1/stm32cubeide/plugins/com.st.stm32cube.ide.mcu.externaltools.gnu-tools-for-stm32.9-2020-q2-update.win32_1.5.0.202011040924/tools/bin/../lib/gcc/arm-none-eabi/9.3.1/thumb/v7e-m+fp/hard\libgcc.a
LOAD c:/st/stm32cubeide_1.0.1/stm32cubeide/plugins/com.st.stm32cube.ide.mcu.externaltools.gnu-tools-for-stm32.9-2020-q2-update.win32_1.5.0.202011040924/tools/bin/../lib/gcc/arm-none-eabi/9.3.1/../../../../arm-none-eabi/lib/thumb/v7e-m+fp/hard\libc_nano.a
END GROUP
START GROUP
LOAD c:/st/stm32cubeide_1.0.1/stm32cubeide/plugins/com.st.stm32cube.ide.mcu.externaltools.gnu-tools-for-stm32.9-2020-q2-update.win32_1.5.0.202011040924/tools/bin/../lib/gcc/arm-none-eabi/9.3.1/thumb/v7e-m+fp/hard\libgcc.a
LOAD c:/st/stm32cubeide_1.0.1/stm32cubeide/plugins/com.st.stm32cube.ide.mcu.externaltools.gnu-tools-for-stm32.9-2020-q2-update.win32_1.5.0.202011040924/tools/bin/../lib/gcc/arm-none-eabi/9.3.1/../../../../arm-none-eabi/lib/thumb/v7e-m+fp/hard\libc_nano.a
LOAD c:/st/stm32cubeide_1.0.1/stm32cubeide/plugins/com.st.stm32cube.ide.mcu.externaltools.gnu-tools-for-stm32.9-2020-q2-update.win32_1.5.0.202011040924/tools/bin/../lib/gcc/arm-none-eabi/9.3.1/../../../../arm-none-eabi/lib/thumb/v7e-m+fp/hard\libnosys.a
END GROUP
START GROUP
LOAD c:/st/stm32cubeide_1.0.1/stm32cubeide/plugins/com.st.stm32cube.ide.mcu.externaltools.gnu-tools-for-stm32.9-2020-q2-update.win32_1.5.0.202011040924/tools/bin/../lib/gcc/arm-none-eabi/9.3.1/thumb/v7e-m+fp/hard\libgcc.a
LOAD c:/st/stm32cubeide_1.0.1/stm32cubeide/plugins/com.st.stm32cube.ide.mcu.externaltools.gnu-tools-for-stm32.9-2020-q2-update.win32_1.5.0.202011040924/tools/bin/../lib/gcc/arm-none-eabi/9.3.1/../../../../arm-none-eabi/lib/thumb/v7e-m+fp/hard\libc_nano.a
LOAD c:/st/stm32cubeide_1.0.1/stm32cubeide/plugins/com.st.stm32cube.ide.mcu.externaltools.gnu-tools-for-stm32.9-2020-q2-update.win32_1.5.0.202011040924/tools/bin/../lib/gcc/arm-none-eabi/9.3.1/../../../../arm-none-eabi/lib/thumb/v7e-m+fp/hard\libnosys.a
END GROUP
LOAD c:/st/stm32cubeide_1.0.1/stm32cubeide/plugins/com.st.stm32cube.ide.mcu.externaltools.gnu-tools-for-stm32.9-2020-q2-update.win32_1.5.0.202011040924/tools/bin/../lib/gcc/arm-none-eabi/9.3.1/thumb/v7e-m+fp/hard/crtend.o
LOAD c:/st/stm32cubeide_1.0.1/stm32cubeide/plugins/com.st.stm32cube.ide.mcu.externaltools.gnu-tools-for-stm32.9-2020-q2-update.win32_1.5.0.202011040924/tools/bin/../lib/gcc/arm-none-eabi/9.3.1/thumb/v7e-m+fp/hard/crtn.o
                0x0000000020020000                _estack = (ORIGIN (RAM) + LENGTH (RAM))
                0x0000000000000200                _Min_Heap_Size = 0x200
                0x0000000000000400                _Min_Stack_Size = 0x400

.isr_vector     0x0000000008000000      0x188
                0x0000000008000000                . = ALIGN (0x4)
 *(.isr_vector)
 .isr_vector    0x0000000008000000      0x188 Core/Startup/startup_stm32f407vgtx.o
                0x0000000008000000                g_pfnVectors
                0x0000000008000188                . = ALIGN (0x4)

.text           0x0000000008000188     0xce30
                0x0000000008000188                . = ALIGN (0x4)
 *(.text)
 .text          0x0000000008000188       0x40 c:/st/stm32cubeide_1.0.1/stm32cubeide/plugins/com.st.stm32cube.ide.mcu.externaltools.gnu-tools-for-stm32.9-2020-q2-update.win32_1.5.0.202011040924/tools/bin/../lib/gcc/arm-none-eabi/9.3.1/thumb/v7e-m+fp/hard/crtbegin.o
 .text          0x00000000080001c8       0x30 c:/st/stm32cubeide_1.0.1/stm32cubeide/plugins/com.st.stm32cube.ide.mcu.externaltools.gnu-tools-for-stm32.9-2020-q2-update.win32_1.5.0.202011040924/tools/bin/../lib/gcc/arm-none-eabi/9.3.1/thumb/v7e-m+fp/hard\libgcc.a(_aeabi_uldivmod.o)
                0x00000000080001c8                __aeabi_uldivmod
 .text          0x00000000080001f8      0x2c4 c:/st/stm32cubeide_1.0.1/stm32cubeide/plugins/com.st.stm32cube.ide.mcu.externaltools.gnu-tools-for-stm32.9-2020-q2-update.win32_1.5.0.202011040924/tools/bin/../lib/gcc/arm-none-eabi/9.3.1/thumb/v7e-m+fp/hard\libgcc.a(_udivmoddi4.o)
                0x00000000080001f8                __udivmoddi4
 .text          0x00000000080004bc        0x4 c:/st/stm32cubeide_1.0.1/stm32cubeide/plugins/com.st.stm32cube.ide.mcu.externaltools.gnu-tools-for-stm32.9-2020-q2-update.win32_1.5.0.202011040924/tools/bin/../lib/gcc/arm-none-eabi/9.3.1/thumb/v7e-m+fp/hard\libgcc.a(_dvmd_tls.o)
                0x00000000080004bc                __aeabi_idiv0
                0x00000000080004bc                __aeabi_ldiv0
 *(.text*)
 .text.audioInit
                0x00000000080004c0      0x17c Core/Src/CS43L22.o
                0x00000000080004c0                audioInit
 .text.audioPlay
                0x000000000800063c       0xa8 Core/Src/CS43L22.o
                0x000000000800063c                audioPlay
 .text.audioVolume
                0x00000000080006e4       0x90 Core/Src/CS43L22.o
                0x00000000080006e4                audioVolume
 .text.main     0x0000000008000774       0x94 Core/Src/main.o
                0x0000000008000774                main
 .text.SystemClock_Config
                0x0000000008000808      0x104 Core/Src/main.o
                0x0000000008000808                SystemClock_Config
 .text.MX_I2C1_Init
                0x000000000800090c       0x5c Core/Src/main.o
 .text.MX_I2S3_Init
                0x0000000008000968       0x5c Core/Src/main.o
 .text.MX_SPI1_Init
                0x00000000080009c4       0x6c Core/Src/main.o
 .text.MX_DMA_Init
                0x0000000008000a30       0x40 Core/Src/main.o
 .text.MX_GPIO_Init
                0x0000000008000a70      0x1fc Core/Src/main.o
 .text.Error_Handler
                0x0000000008000c6c        0xe Core/Src/main.o
                0x0000000008000c6c                Error_Handler
 *fill*         0x0000000008000c7a        0x2 
 .text.HAL_MspInit
                0x0000000008000c7c       0x50 Core/Src/stm32f4xx_hal_msp.o
                0x0000000008000c7c                HAL_MspInit
 .text.HAL_I2C_MspInit
                0x0000000008000ccc       0x90 Core/Src/stm32f4xx_hal_msp.o
                0x0000000008000ccc                HAL_I2C_MspInit
 .text.HAL_I2S_MspInit
                0x0000000008000d5c      0x150 Core/Src/stm32f4xx_hal_msp.o
                0x0000000008000d5c                HAL_I2S_MspInit
 .text.HAL_SPI_MspInit
                0x0000000008000eac       0x90 Core/Src/stm32f4xx_hal_msp.o
                0x0000000008000eac                HAL_SPI_MspInit
 .text.NMI_Handler
                0x0000000008000f3c        0xe Core/Src/stm32f4xx_it.o
                0x0000000008000f3c                NMI_Handler
 .text.HardFault_Handler
                0x0000000008000f4a        0x6 Core/Src/stm32f4xx_it.o
                0x0000000008000f4a                HardFault_Handler
 .text.MemManage_Handler
                0x0000000008000f50        0x6 Core/Src/stm32f4xx_it.o
                0x0000000008000f50                MemManage_Handler
 .text.BusFault_Handler
                0x0000000008000f56        0x6 Core/Src/stm32f4xx_it.o
                0x0000000008000f56                BusFault_Handler
 .text.UsageFault_Handler
                0x0000000008000f5c        0x6 Core/Src/stm32f4xx_it.o
                0x0000000008000f5c                UsageFault_Handler
 .text.SVC_Handler
                0x0000000008000f62        0xe Core/Src/stm32f4xx_it.o
                0x0000000008000f62                SVC_Handler
 .text.DebugMon_Handler
                0x0000000008000f70        0xe Core/Src/stm32f4xx_it.o
                0x0000000008000f70                DebugMon_Handler
 .text.PendSV_Handler
                0x0000000008000f7e        0xe Core/Src/stm32f4xx_it.o
                0x0000000008000f7e                PendSV_Handler
 .text.SysTick_Handler
                0x0000000008000f8c        0xc Core/Src/stm32f4xx_it.o
                0x0000000008000f8c                SysTick_Handler
 .text.DMA1_Stream5_IRQHandler
                0x0000000008000f98       0x24 Core/Src/stm32f4xx_it.o
                0x0000000008000f98                DMA1_Stream5_IRQHandler
 .text.OTG_FS_IRQHandler
                0x0000000008000fbc       0x14 Core/Src/stm32f4xx_it.o
                0x0000000008000fbc                OTG_FS_IRQHandler
 .text._sbrk    0x0000000008000fd0       0x58 Core/Src/sysmem.o
                0x0000000008000fd0                _sbrk
 .text.SystemInit
                0x0000000008001028       0x2c Core/Src/system_stm32f4xx.o
                0x0000000008001028                SystemInit
 .text.Reset_Handler
                0x0000000008001054       0x50 Core/Startup/startup_stm32f407vgtx.o
                0x0000000008001054                Reset_Handler
 .text.Default_Handler
                0x00000000080010a4        0x2 Core/Startup/startup_stm32f407vgtx.o
                0x00000000080010a4                RTC_Alarm_IRQHandler
                0x00000000080010a4                HASH_RNG_IRQHandler
                0x00000000080010a4                EXTI2_IRQHandler
                0x00000000080010a4                TIM8_CC_IRQHandler
                0x00000000080010a4                TIM1_CC_IRQHandler
                0x00000000080010a4                DMA2_Stream5_IRQHandler
                0x00000000080010a4                PVD_IRQHandler
                0x00000000080010a4                SDIO_IRQHandler
                0x00000000080010a4                TAMP_STAMP_IRQHandler
                0x00000000080010a4                CAN2_RX1_IRQHandler
                0x00000000080010a4                EXTI3_IRQHandler
                0x00000000080010a4                TIM8_TRG_COM_TIM14_IRQHandler
                0x00000000080010a4                TIM1_UP_TIM10_IRQHandler
                0x00000000080010a4                TIM8_UP_TIM13_IRQHandler
                0x00000000080010a4                I2C3_ER_IRQHandler
                0x00000000080010a4                EXTI0_IRQHandler
                0x00000000080010a4                I2C2_EV_IRQHandler
                0x00000000080010a4                DMA1_Stream2_IRQHandler
                0x00000000080010a4                CAN1_RX0_IRQHandler
                0x00000000080010a4                FPU_IRQHandler
                0x00000000080010a4                OTG_HS_WKUP_IRQHandler
                0x00000000080010a4                CAN2_SCE_IRQHandler
                0x00000000080010a4                DMA2_Stream2_IRQHandler
                0x00000000080010a4                SPI1_IRQHandler
                0x00000000080010a4                TIM6_DAC_IRQHandler
                0x00000000080010a4                TIM1_BRK_TIM9_IRQHandler
                0x00000000080010a4                DCMI_IRQHandler
                0x00000000080010a4                CAN2_RX0_IRQHandler
                0x00000000080010a4                DMA2_Stream3_IRQHandler
                0x00000000080010a4                USART6_IRQHandler
                0x00000000080010a4                USART3_IRQHandler
                0x00000000080010a4                CAN1_RX1_IRQHandler
                0x00000000080010a4                UART5_IRQHandler
                0x00000000080010a4                DMA2_Stream0_IRQHandler
                0x00000000080010a4                TIM4_IRQHandler
                0x00000000080010a4                I2C1_EV_IRQHandler
                0x00000000080010a4                DMA1_Stream6_IRQHandler
                0x00000000080010a4                DMA1_Stream1_IRQHandler
                0x00000000080010a4                UART4_IRQHandler
                0x00000000080010a4                TIM3_IRQHandler
                0x00000000080010a4                RCC_IRQHandler
                0x00000000080010a4                TIM8_BRK_TIM12_IRQHandler
                0x00000000080010a4                Default_Handler
                0x00000000080010a4                EXTI15_10_IRQHandler
                0x00000000080010a4                ADC_IRQHandler
                0x00000000080010a4                DMA1_Stream7_IRQHandler
                0x00000000080010a4                TIM7_IRQHandler
                0x00000000080010a4                CAN2_TX_IRQHandler
                0x00000000080010a4                TIM5_IRQHandler
                0x00000000080010a4                DMA2_Stream7_IRQHandler
                0x00000000080010a4                I2C3_EV_IRQHandler
                0x00000000080010a4                EXTI9_5_IRQHandler
                0x00000000080010a4                RTC_WKUP_IRQHandler
                0x00000000080010a4                ETH_WKUP_IRQHandler
                0x00000000080010a4                SPI2_IRQHandler
                0x00000000080010a4                OTG_HS_EP1_IN_IRQHandler
                0x00000000080010a4                DMA1_Stream0_IRQHandler
                0x00000000080010a4                CAN1_TX_IRQHandler
                0x00000000080010a4                EXTI4_IRQHandler
                0x00000000080010a4                FSMC_IRQHandler
                0x00000000080010a4                ETH_IRQHandler
                0x00000000080010a4                OTG_HS_EP1_OUT_IRQHandler
                0x00000000080010a4                WWDG_IRQHandler
                0x00000000080010a4                TIM2_IRQHandler
                0x00000000080010a4                OTG_FS_WKUP_IRQHandler
                0x00000000080010a4                TIM1_TRG_COM_TIM11_IRQHandler
                0x00000000080010a4                OTG_HS_IRQHandler
                0x00000000080010a4                EXTI1_IRQHandler
                0x00000000080010a4                USART2_IRQHandler
                0x00000000080010a4                I2C2_ER_IRQHandler
                0x00000000080010a4                DMA2_Stream1_IRQHandler
                0x00000000080010a4                CAN1_SCE_IRQHandler
                0x00000000080010a4                FLASH_IRQHandler
                0x00000000080010a4                DMA2_Stream4_IRQHandler
                0x00000000080010a4                USART1_IRQHandler
                0x00000000080010a4                SPI3_IRQHandler
                0x00000000080010a4                DMA1_Stream4_IRQHandler
                0x00000000080010a4                I2C1_ER_IRQHandler
                0x00000000080010a4                DMA2_Stream6_IRQHandler
                0x00000000080010a4                DMA1_Stream3_IRQHandler
 *fill*         0x00000000080010a6        0x2 
 .text.HAL_Init
                0x00000000080010a8       0x44 Drivers/STM32F4xx_HAL_Driver/Src/stm32f4xx_hal.o
                0x00000000080010a8                HAL_Init
 .text.HAL_InitTick
                0x00000000080010ec       0x60 Drivers/STM32F4xx_HAL_Driver/Src/stm32f4xx_hal.o
                0x00000000080010ec                HAL_InitTick
 .text.HAL_IncTick
                0x000000000800114c       0x28 Drivers/STM32F4xx_HAL_Driver/Src/stm32f4xx_hal.o
                0x000000000800114c                HAL_IncTick
 .text.HAL_GetTick
                0x0000000008001174       0x18 Drivers/STM32F4xx_HAL_Driver/Src/stm32f4xx_hal.o
                0x0000000008001174                HAL_GetTick
 .text.HAL_Delay
                0x000000000800118c       0x48 Drivers/STM32F4xx_HAL_Driver/Src/stm32f4xx_hal.o
                0x000000000800118c                HAL_Delay
 .text.__NVIC_SetPriorityGrouping
                0x00000000080011d4       0x48 Drivers/STM32F4xx_HAL_Driver/Src/stm32f4xx_hal_cortex.o
 .text.__NVIC_GetPriorityGrouping
                0x000000000800121c       0x1c Drivers/STM32F4xx_HAL_Driver/Src/stm32f4xx_hal_cortex.o
 .text.__NVIC_EnableIRQ
                0x0000000008001238       0x3c Drivers/STM32F4xx_HAL_Driver/Src/stm32f4xx_hal_cortex.o
 .text.__NVIC_SetPriority
                0x0000000008001274       0x54 Drivers/STM32F4xx_HAL_Driver/Src/stm32f4xx_hal_cortex.o
 .text.NVIC_EncodePriority
                0x00000000080012c8       0x66 Drivers/STM32F4xx_HAL_Driver/Src/stm32f4xx_hal_cortex.o
 *fill*         0x000000000800132e        0x2 
 .text.SysTick_Config
                0x0000000008001330       0x44 Drivers/STM32F4xx_HAL_Driver/Src/stm32f4xx_hal_cortex.o
 .text.HAL_NVIC_SetPriorityGrouping
                0x0000000008001374       0x16 Drivers/STM32F4xx_HAL_Driver/Src/stm32f4xx_hal_cortex.o
                0x0000000008001374                HAL_NVIC_SetPriorityGrouping
 .text.HAL_NVIC_SetPriority
                0x000000000800138a       0x38 Drivers/STM32F4xx_HAL_Driver/Src/stm32f4xx_hal_cortex.o
                0x000000000800138a                HAL_NVIC_SetPriority
 .text.HAL_NVIC_EnableIRQ
                0x00000000080013c2       0x1c Drivers/STM32F4xx_HAL_Driver/Src/stm32f4xx_hal_cortex.o
                0x00000000080013c2                HAL_NVIC_EnableIRQ
 .text.HAL_SYSTICK_Config
                0x00000000080013de       0x18 Drivers/STM32F4xx_HAL_Driver/Src/stm32f4xx_hal_cortex.o
                0x00000000080013de                HAL_SYSTICK_Config
 *fill*         0x00000000080013f6        0x2 
 .text.HAL_DMA_Init
                0x00000000080013f8      0x15c Drivers/STM32F4xx_HAL_Driver/Src/stm32f4xx_hal_dma.o
                0x00000000080013f8                HAL_DMA_Init
 .text.HAL_DMA_Start_IT
                0x0000000008001554       0xb0 Drivers/STM32F4xx_HAL_Driver/Src/stm32f4xx_hal_dma.o
                0x0000000008001554                HAL_DMA_Start_IT
 .text.HAL_DMA_IRQHandler
                0x0000000008001604      0x314 Drivers/STM32F4xx_HAL_Driver/Src/stm32f4xx_hal_dma.o
                0x0000000008001604                HAL_DMA_IRQHandler
 .text.DMA_SetConfig
                0x0000000008001918       0x5c Drivers/STM32F4xx_HAL_Driver/Src/stm32f4xx_hal_dma.o
 .text.DMA_CalcBaseAndBitshift
                0x0000000008001974       0x6c Drivers/STM32F4xx_HAL_Driver/Src/stm32f4xx_hal_dma.o
 .text.DMA_CheckFifoParam
                0x00000000080019e0       0xf8 Drivers/STM32F4xx_HAL_Driver/Src/stm32f4xx_hal_dma.o
 .text.HAL_GPIO_Init
                0x0000000008001ad8      0x338 Drivers/STM32F4xx_HAL_Driver/Src/stm32f4xx_hal_gpio.o
                0x0000000008001ad8                HAL_GPIO_Init
 .text.HAL_GPIO_WritePin
                0x0000000008001e10       0x32 Drivers/STM32F4xx_HAL_Driver/Src/stm32f4xx_hal_gpio.o
                0x0000000008001e10                HAL_GPIO_WritePin
 .text.HAL_GPIO_TogglePin
                0x0000000008001e42       0x36 Drivers/STM32F4xx_HAL_Driver/Src/stm32f4xx_hal_gpio.o
                0x0000000008001e42                HAL_GPIO_TogglePin
 .text.HAL_HCD_Init
                0x0000000008001e78       0xc4 Drivers/STM32F4xx_HAL_Driver/Src/stm32f4xx_hal_hcd.o
                0x0000000008001e78                HAL_HCD_Init
 .text.HAL_HCD_HC_Init
                0x0000000008001f3c      0x130 Drivers/STM32F4xx_HAL_Driver/Src/stm32f4xx_hal_hcd.o
                0x0000000008001f3c                HAL_HCD_HC_Init
 .text.HAL_HCD_HC_Halt
                0x000000000800206c       0x46 Drivers/STM32F4xx_HAL_Driver/Src/stm32f4xx_hal_hcd.o
                0x000000000800206c                HAL_HCD_HC_Halt
 *fill*         0x00000000080020b2        0x2 
 .text.HAL_HCD_HC_SubmitRequest
                0x00000000080020b4      0x2e4 Drivers/STM32F4xx_HAL_Driver/Src/stm32f4xx_hal_hcd.o
                0x00000000080020b4                HAL_HCD_HC_SubmitRequest
 .text.HAL_HCD_IRQHandler
                0x0000000008002398      0x208 Drivers/STM32F4xx_HAL_Driver/Src/stm32f4xx_hal_hcd.o
                0x0000000008002398                HAL_HCD_IRQHandler
 .text.HAL_HCD_Start
                0x00000000080025a0       0x46 Drivers/STM32F4xx_HAL_Driver/Src/stm32f4xx_hal_hcd.o
                0x00000000080025a0                HAL_HCD_Start
 .text.HAL_HCD_Stop
                0x00000000080025e6       0x3a Drivers/STM32F4xx_HAL_Driver/Src/stm32f4xx_hal_hcd.o
                0x00000000080025e6                HAL_HCD_Stop
 .text.HAL_HCD_ResetPort
                0x0000000008002620       0x1c Drivers/STM32F4xx_HAL_Driver/Src/stm32f4xx_hal_hcd.o
                0x0000000008002620                HAL_HCD_ResetPort
 .text.HAL_HCD_HC_GetURBState
                0x000000000800263c       0x2a Drivers/STM32F4xx_HAL_Driver/Src/stm32f4xx_hal_hcd.o
                0x000000000800263c                HAL_HCD_HC_GetURBState
 .text.HAL_HCD_HC_GetXferCount
                0x0000000008002666       0x2a Drivers/STM32F4xx_HAL_Driver/Src/stm32f4xx_hal_hcd.o
                0x0000000008002666                HAL_HCD_HC_GetXferCount
 .text.HAL_HCD_GetCurrentFrame
                0x0000000008002690       0x1c Drivers/STM32F4xx_HAL_Driver/Src/stm32f4xx_hal_hcd.o
                0x0000000008002690                HAL_HCD_GetCurrentFrame
 .text.HAL_HCD_GetCurrentSpeed
                0x00000000080026ac       0x1c Drivers/STM32F4xx_HAL_Driver/Src/stm32f4xx_hal_hcd.o
                0x00000000080026ac                HAL_HCD_GetCurrentSpeed
 .text.HCD_HC_IN_IRQHandler
                0x00000000080026c8      0x86a Drivers/STM32F4xx_HAL_Driver/Src/stm32f4xx_hal_hcd.o
 .text.HCD_HC_OUT_IRQHandler
                0x0000000008002f32      0x6ea Drivers/STM32F4xx_HAL_Driver/Src/stm32f4xx_hal_hcd.o
 .text.HCD_RXQLVL_IRQHandler
                0x000000000800361c      0x15c Drivers/STM32F4xx_HAL_Driver/Src/stm32f4xx_hal_hcd.o
 .text.HCD_Port_IRQHandler
                0x0000000008003778       0xe6 Drivers/STM32F4xx_HAL_Driver/Src/stm32f4xx_hal_hcd.o
 *fill*         0x000000000800385e        0x2 
 .text.HAL_I2C_Init
                0x0000000008003860      0x288 Drivers/STM32F4xx_HAL_Driver/Src/stm32f4xx_hal_i2c.o
                0x0000000008003860                HAL_I2C_Init
 .text.HAL_I2C_Mem_Write
                0x0000000008003ae8      0x1f4 Drivers/STM32F4xx_HAL_Driver/Src/stm32f4xx_hal_i2c.o
                0x0000000008003ae8                HAL_I2C_Mem_Write
 .text.HAL_I2C_Mem_Read
                0x0000000008003cdc      0x44c Drivers/STM32F4xx_HAL_Driver/Src/stm32f4xx_hal_i2c.o
                0x0000000008003cdc                HAL_I2C_Mem_Read
 .text.I2C_RequestMemoryWrite
                0x0000000008004128      0x128 Drivers/STM32F4xx_HAL_Driver/Src/stm32f4xx_hal_i2c.o
 .text.I2C_RequestMemoryRead
                0x0000000008004250      0x1cc Drivers/STM32F4xx_HAL_Driver/Src/stm32f4xx_hal_i2c.o
 .text.I2C_WaitOnFlagUntilTimeout
                0x000000000800441c       0xae Drivers/STM32F4xx_HAL_Driver/Src/stm32f4xx_hal_i2c.o
 .text.I2C_WaitOnMasterAddressFlagUntilTimeout
                0x00000000080044ca       0xfe Drivers/STM32F4xx_HAL_Driver/Src/stm32f4xx_hal_i2c.o
 .text.I2C_WaitOnTXEFlagUntilTimeout
                0x00000000080045c8       0x82 Drivers/STM32F4xx_HAL_Driver/Src/stm32f4xx_hal_i2c.o
 .text.I2C_WaitOnBTFFlagUntilTimeout
                0x000000000800464a       0x82 Drivers/STM32F4xx_HAL_Driver/Src/stm32f4xx_hal_i2c.o
 .text.I2C_WaitOnRXNEFlagUntilTimeout
                0x00000000080046cc       0xac Drivers/STM32F4xx_HAL_Driver/Src/stm32f4xx_hal_i2c.o
 .text.I2C_IsAcknowledgeFailed
                0x0000000008004778       0x5e Drivers/STM32F4xx_HAL_Driver/Src/stm32f4xx_hal_i2c.o
 *fill*         0x00000000080047d6        0x2 
 .text.HAL_I2S_Init
                0x00000000080047d8      0x280 Drivers/STM32F4xx_HAL_Driver/Src/stm32f4xx_hal_i2s.o
                0x00000000080047d8                HAL_I2S_Init
 .text.HAL_I2S_Transmit_DMA
                0x0000000008004a58      0x150 Drivers/STM32F4xx_HAL_Driver/Src/stm32f4xx_hal_i2s.o
                0x0000000008004a58                HAL_I2S_Transmit_DMA
 .text.HAL_I2S_TxHalfCpltCallback
                0x0000000008004ba8       0x14 Drivers/STM32F4xx_HAL_Driver/Src/stm32f4xx_hal_i2s.o
                0x0000000008004ba8                HAL_I2S_TxHalfCpltCallback
 .text.HAL_I2S_TxCpltCallback
                0x0000000008004bbc       0x14 Drivers/STM32F4xx_HAL_Driver/Src/stm32f4xx_hal_i2s.o
                0x0000000008004bbc                HAL_I2S_TxCpltCallback
 .text.HAL_I2S_RxCpltCallback
                0x0000000008004bd0       0x14 Drivers/STM32F4xx_HAL_Driver/Src/stm32f4xx_hal_i2s.o
                0x0000000008004bd0                HAL_I2S_RxCpltCallback
 .text.HAL_I2S_ErrorCallback
                0x0000000008004be4       0x14 Drivers/STM32F4xx_HAL_Driver/Src/stm32f4xx_hal_i2s.o
                0x0000000008004be4                HAL_I2S_ErrorCallback
 .text.I2S_DMATxCplt
                0x0000000008004bf8       0x42 Drivers/STM32F4xx_HAL_Driver/Src/stm32f4xx_hal_i2s.o
 .text.I2S_DMATxHalfCplt
                0x0000000008004c3a       0x1c Drivers/STM32F4xx_HAL_Driver/Src/stm32f4xx_hal_i2s.o
 .text.I2S_DMAError
                0x0000000008004c56       0x4c Drivers/STM32F4xx_HAL_Driver/Src/stm32f4xx_hal_i2s.o
 .text.I2S_Transmit_IT
                0x0000000008004ca2       0x5c Drivers/STM32F4xx_HAL_Driver/Src/stm32f4xx_hal_i2s.o
 .text.I2S_Receive_IT
                0x0000000008004cfe       0x5e Drivers/STM32F4xx_HAL_Driver/Src/stm32f4xx_hal_i2s.o
 .text.I2S_IRQHandler
                0x0000000008004d5c      0x114 Drivers/STM32F4xx_HAL_Driver/Src/stm32f4xx_hal_i2s.o
 .text.HAL_I2SEx_FullDuplex_IRQHandler
                0x0000000008004e70      0x2a8 Drivers/STM32F4xx_HAL_Driver/Src/stm32f4xx_hal_i2s_ex.o
                0x0000000008004e70                HAL_I2SEx_FullDuplex_IRQHandler
 .text.HAL_I2SEx_TxRxCpltCallback
                0x0000000008005118       0x14 Drivers/STM32F4xx_HAL_Driver/Src/stm32f4xx_hal_i2s_ex.o
                0x0000000008005118                HAL_I2SEx_TxRxCpltCallback
 .text.I2SEx_TxISR_I2S
                0x000000000800512c       0x62 Drivers/STM32F4xx_HAL_Driver/Src/stm32f4xx_hal_i2s_ex.o
 *fill*         0x000000000800518e        0x2 
 .text.I2SEx_TxISR_I2SExt
                0x0000000008005190       0x98 Drivers/STM32F4xx_HAL_Driver/Src/stm32f4xx_hal_i2s_ex.o
 .text.I2SEx_RxISR_I2S
                0x0000000008005228       0x64 Drivers/STM32F4xx_HAL_Driver/Src/stm32f4xx_hal_i2s_ex.o
 .text.I2SEx_RxISR_I2SExt
                0x000000000800528c       0x98 Drivers/STM32F4xx_HAL_Driver/Src/stm32f4xx_hal_i2s_ex.o
 .text.HAL_RCC_OscConfig
                0x0000000008005324      0x4e0 Drivers/STM32F4xx_HAL_Driver/Src/stm32f4xx_hal_rcc.o
                0x0000000008005324                HAL_RCC_OscConfig
 .text.HAL_RCC_ClockConfig
                0x0000000008005804      0x1cc Drivers/STM32F4xx_HAL_Driver/Src/stm32f4xx_hal_rcc.o
                0x0000000008005804                HAL_RCC_ClockConfig
 .text.HAL_RCC_GetSysClockFreq
                0x00000000080059d0      0x1c4 Drivers/STM32F4xx_HAL_Driver/Src/stm32f4xx_hal_rcc.o
                0x00000000080059d0                HAL_RCC_GetSysClockFreq
 .text.HAL_RCC_GetHCLKFreq
                0x0000000008005b94       0x18 Drivers/STM32F4xx_HAL_Driver/Src/stm32f4xx_hal_rcc.o
                0x0000000008005b94                HAL_RCC_GetHCLKFreq
 .text.HAL_RCC_GetPCLK1Freq
                0x0000000008005bac       0x28 Drivers/STM32F4xx_HAL_Driver/Src/stm32f4xx_hal_rcc.o
                0x0000000008005bac                HAL_RCC_GetPCLK1Freq
 .text.HAL_RCCEx_PeriphCLKConfig
                0x0000000008005bd4      0x1c4 Drivers/STM32F4xx_HAL_Driver/Src/stm32f4xx_hal_rcc_ex.o
                0x0000000008005bd4                HAL_RCCEx_PeriphCLKConfig
 .text.HAL_RCCEx_GetPeriphCLKFreq
                0x0000000008005d98       0xbc Drivers/STM32F4xx_HAL_Driver/Src/stm32f4xx_hal_rcc_ex.o
                0x0000000008005d98                HAL_RCCEx_GetPeriphCLKFreq
 .text.HAL_SPI_Init
                0x0000000008005e54       0xc8 Drivers/STM32F4xx_HAL_Driver/Src/stm32f4xx_hal_spi.o
                0x0000000008005e54                HAL_SPI_Init
 .text.USB_CoreInit
                0x0000000008005f1c       0xc2 Drivers/STM32F4xx_HAL_Driver/Src/stm32f4xx_ll_usb.o
                0x0000000008005f1c                USB_CoreInit
 .text.USB_EnableGlobalInt
                0x0000000008005fde       0x22 Drivers/STM32F4xx_HAL_Driver/Src/stm32f4xx_ll_usb.o
                0x0000000008005fde                USB_EnableGlobalInt
 .text.USB_DisableGlobalInt
                0x0000000008006000       0x22 Drivers/STM32F4xx_HAL_Driver/Src/stm32f4xx_ll_usb.o
                0x0000000008006000                USB_DisableGlobalInt
 .text.USB_SetCurrentMode
                0x0000000008006022       0x54 Drivers/STM32F4xx_HAL_Driver/Src/stm32f4xx_ll_usb.o
                0x0000000008006022                USB_SetCurrentMode
 *fill*         0x0000000008006076        0x2 
 .text.USB_FlushTxFifo
                0x0000000008006078       0x4c Drivers/STM32F4xx_HAL_Driver/Src/stm32f4xx_ll_usb.o
                0x0000000008006078                USB_FlushTxFifo
 .text.USB_FlushRxFifo
                0x00000000080060c4       0x44 Drivers/STM32F4xx_HAL_Driver/Src/stm32f4xx_ll_usb.o
                0x00000000080060c4                USB_FlushRxFifo
 .text.USB_WritePacket
                0x0000000008006108       0x6a Drivers/STM32F4xx_HAL_Driver/Src/stm32f4xx_ll_usb.o
                0x0000000008006108                USB_WritePacket
 .text.USB_ReadPacket
                0x0000000008006172       0x52 Drivers/STM32F4xx_HAL_Driver/Src/stm32f4xx_ll_usb.o
                0x0000000008006172                USB_ReadPacket
 .text.USB_ReadInterrupts
                0x00000000080061c4       0x26 Drivers/STM32F4xx_HAL_Driver/Src/stm32f4xx_ll_usb.o
                0x00000000080061c4                USB_ReadInterrupts
 .text.USB_GetMode
                0x00000000080061ea       0x1c Drivers/STM32F4xx_HAL_Driver/Src/stm32f4xx_ll_usb.o
                0x00000000080061ea                USB_GetMode
 *fill*         0x0000000008006206        0x2 
 .text.USB_CoreReset
                0x0000000008006208       0x68 Drivers/STM32F4xx_HAL_Driver/Src/stm32f4xx_ll_usb.o
 .text.USB_HostInit
                0x0000000008006270      0x178 Drivers/STM32F4xx_HAL_Driver/Src/stm32f4xx_ll_usb.o
                0x0000000008006270                USB_HostInit
 .text.USB_InitFSLSPClkSel
                0x00000000080063e8       0x74 Drivers/STM32F4xx_HAL_Driver/Src/stm32f4xx_ll_usb.o
                0x00000000080063e8                USB_InitFSLSPClkSel
 .text.USB_ResetPort
                0x000000000800645c       0x54 Drivers/STM32F4xx_HAL_Driver/Src/stm32f4xx_ll_usb.o
                0x000000000800645c                USB_ResetPort
 .text.USB_DriveVbus
                0x00000000080064b0       0x72 Drivers/STM32F4xx_HAL_Driver/Src/stm32f4xx_ll_usb.o
                0x00000000080064b0                USB_DriveVbus
 .text.USB_GetHostSpeed
                0x0000000008006522       0x2e Drivers/STM32F4xx_HAL_Driver/Src/stm32f4xx_ll_usb.o
                0x0000000008006522                USB_GetHostSpeed
 .text.USB_GetCurrentFrame
                0x0000000008006550       0x22 Drivers/STM32F4xx_HAL_Driver/Src/stm32f4xx_ll_usb.o
                0x0000000008006550                USB_GetCurrentFrame
 *fill*         0x0000000008006572        0x2 
 .text.USB_HC_Init
                0x0000000008006574      0x214 Drivers/STM32F4xx_HAL_Driver/Src/stm32f4xx_ll_usb.o
                0x0000000008006574                USB_HC_Init
 .text.USB_HC_StartXfer
                0x0000000008006788      0x284 Drivers/STM32F4xx_HAL_Driver/Src/stm32f4xx_ll_usb.o
                0x0000000008006788                USB_HC_StartXfer
 .text.USB_HC_ReadInterrupt
                0x0000000008006a0c       0x22 Drivers/STM32F4xx_HAL_Driver/Src/stm32f4xx_ll_usb.o
                0x0000000008006a0c                USB_HC_ReadInterrupt
 .text.USB_HC_Halt
                0x0000000008006a2e      0x1fe Drivers/STM32F4xx_HAL_Driver/Src/stm32f4xx_ll_usb.o
                0x0000000008006a2e                USB_HC_Halt
 .text.USB_DoPing
                0x0000000008006c2c       0x78 Drivers/STM32F4xx_HAL_Driver/Src/stm32f4xx_ll_usb.o
                0x0000000008006c2c                USB_DoPing
 .text.USB_StopHost
                0x0000000008006ca4      0x10c Drivers/STM32F4xx_HAL_Driver/Src/stm32f4xx_ll_usb.o
                0x0000000008006ca4                USB_StopHost
 .text.MX_FATFS_Init
                0x0000000008006db0       0x24 FATFS/App/fatfs.o
                0x0000000008006db0                MX_FATFS_Init
 .text.get_fattime
                0x0000000008006dd4       0x10 FATFS/App/fatfs.o
                0x0000000008006dd4                get_fattime
 .text.USBH_initialize
                0x0000000008006de4       0x18 FATFS/Target/usbh_diskio.o
                0x0000000008006de4                USBH_initialize
 .text.USBH_status
                0x0000000008006dfc       0x38 FATFS/Target/usbh_diskio.o
                0x0000000008006dfc                USBH_status
 .text.USBH_read
                0x0000000008006e34       0x74 FATFS/Target/usbh_diskio.o
                0x0000000008006e34                USBH_read
 .text.USBH_write
                0x0000000008006ea8       0x84 FATFS/Target/usbh_diskio.o
                0x0000000008006ea8                USBH_write
 .text.USBH_ioctl
                0x0000000008006f2c       0xd8 FATFS/Target/usbh_diskio.o
                0x0000000008006f2c                USBH_ioctl
 .text.USBH_MSC_InterfaceInit
                0x0000000008007004      0x216 Middlewares/ST/STM32_USB_Host_Library/Class/MSC/Src/usbh_msc.o
 .text.USBH_MSC_InterfaceDeInit
                0x000000000800721a       0x8c Middlewares/ST/STM32_USB_Host_Library/Class/MSC/Src/usbh_msc.o
 .text.USBH_MSC_ClassRequest
                0x00000000080072a6       0xce Middlewares/ST/STM32_USB_Host_Library/Class/MSC/Src/usbh_msc.o
 .text.USBH_MSC_Process
                0x0000000008007374      0x520 Middlewares/ST/STM32_USB_Host_Library/Class/MSC/Src/usbh_msc.o
 .text.USBH_MSC_SOFProcess
                0x0000000008007894       0x16 Middlewares/ST/STM32_USB_Host_Library/Class/MSC/Src/usbh_msc.o
 .text.USBH_MSC_RdWrProcess
                0x00000000080078aa      0x19e Middlewares/ST/STM32_USB_Host_Library/Class/MSC/Src/usbh_msc.o
 .text.USBH_MSC_UnitIsReady
                0x0000000008007a48       0x4c Middlewares/ST/STM32_USB_Host_Library/Class/MSC/Src/usbh_msc.o
                0x0000000008007a48                USBH_MSC_UnitIsReady
 .text.USBH_MSC_GetLUNInfo
                0x0000000008007a94       0x48 Middlewares/ST/STM32_USB_Host_Library/Class/MSC/Src/usbh_msc.o
                0x0000000008007a94                USBH_MSC_GetLUNInfo
 .text.USBH_MSC_Read
                0x0000000008007adc       0xd2 Middlewares/ST/STM32_USB_Host_Library/Class/MSC/Src/usbh_msc.o
                0x0000000008007adc                USBH_MSC_Read
 .text.USBH_MSC_Write
                0x0000000008007bae       0xd2 Middlewares/ST/STM32_USB_Host_Library/Class/MSC/Src/usbh_msc.o
                0x0000000008007bae                USBH_MSC_Write
 .text.USBH_MSC_BOT_REQ_Reset
                0x0000000008007c80       0x3a Middlewares/ST/STM32_USB_Host_Library/Class/MSC/Src/usbh_msc_bot.o
                0x0000000008007c80                USBH_MSC_BOT_REQ_Reset
 .text.USBH_MSC_BOT_REQ_GetMaxLUN
                0x0000000008007cba       0x3c Middlewares/ST/STM32_USB_Host_Library/Class/MSC/Src/usbh_msc_bot.o
                0x0000000008007cba                USBH_MSC_BOT_REQ_GetMaxLUN
 *fill*         0x0000000008007cf6        0x2 
 .text.USBH_MSC_BOT_Init
                0x0000000008007cf8       0x44 Middlewares/ST/STM32_USB_Host_Library/Class/MSC/Src/usbh_msc_bot.o
                0x0000000008007cf8                USBH_MSC_BOT_Init
 .text.USBH_MSC_BOT_Process
                0x0000000008007d3c      0x39c Middlewares/ST/STM32_USB_Host_Library/Class/MSC/Src/usbh_msc_bot.o
                0x0000000008007d3c                USBH_MSC_BOT_Process
 .text.USBH_MSC_BOT_Abort
                0x00000000080080d8       0x58 Middlewares/ST/STM32_USB_Host_Library/Class/MSC/Src/usbh_msc_bot.o
 .text.USBH_MSC_DecodeCSW
                0x0000000008008130       0x88 Middlewares/ST/STM32_USB_Host_Library/Class/MSC/Src/usbh_msc_bot.o
 .text.USBH_MSC_SCSI_TestUnitReady
                0x00000000080081b8       0x86 Middlewares/ST/STM32_USB_Host_Library/Class/MSC/Src/usbh_msc_scsi.o
                0x00000000080081b8                USBH_MSC_SCSI_TestUnitReady
 .text.USBH_MSC_SCSI_ReadCapacity
                0x000000000800823e       0xf6 Middlewares/ST/STM32_USB_Host_Library/Class/MSC/Src/usbh_msc_scsi.o
                0x000000000800823e                USBH_MSC_SCSI_ReadCapacity
 .text.USBH_MSC_SCSI_Inquiry
                0x0000000008008334      0x14a Middlewares/ST/STM32_USB_Host_Library/Class/MSC/Src/usbh_msc_scsi.o
                0x0000000008008334                USBH_MSC_SCSI_Inquiry
 .text.USBH_MSC_SCSI_RequestSense
                0x000000000800847e       0xf2 Middlewares/ST/STM32_USB_Host_Library/Class/MSC/Src/usbh_msc_scsi.o
                0x000000000800847e                USBH_MSC_SCSI_RequestSense
 .text.USBH_MSC_SCSI_Write
                0x0000000008008570       0xd6 Middlewares/ST/STM32_USB_Host_Library/Class/MSC/Src/usbh_msc_scsi.o
                0x0000000008008570                USBH_MSC_SCSI_Write
 .text.USBH_MSC_SCSI_Read
                0x0000000008008646       0xd6 Middlewares/ST/STM32_USB_Host_Library/Class/MSC/Src/usbh_msc_scsi.o
                0x0000000008008646                USBH_MSC_SCSI_Read
 .text.USBH_Init
                0x000000000800871c       0x74 Middlewares/ST/STM32_USB_Host_Library/Core/Src/usbh_core.o
                0x000000000800871c                USBH_Init
 .text.DeInitStateMachine
                0x0000000008008790       0xa8 Middlewares/ST/STM32_USB_Host_Library/Core/Src/usbh_core.o
 .text.USBH_RegisterClass
                0x0000000008008838       0x54 Middlewares/ST/STM32_USB_Host_Library/Core/Src/usbh_core.o
                0x0000000008008838                USBH_RegisterClass
 .text.USBH_SelectInterface
                0x000000000800888c       0x38 Middlewares/ST/STM32_USB_Host_Library/Core/Src/usbh_core.o
                0x000000000800888c                USBH_SelectInterface
 .text.USBH_FindInterface
                0x00000000080088c4       0x8c Middlewares/ST/STM32_USB_Host_Library/Core/Src/usbh_core.o
                0x00000000080088c4                USBH_FindInterface
 .text.USBH_Start
                0x0000000008008950       0x20 Middlewares/ST/STM32_USB_Host_Library/Core/Src/usbh_core.o
                0x0000000008008950                USBH_Start
 .text.USBH_Process
                0x0000000008008970      0x3c0 Middlewares/ST/STM32_USB_Host_Library/Core/Src/usbh_core.o
                0x0000000008008970                USBH_Process
 .text.USBH_HandleEnum
                0x0000000008008d30      0x3c8 Middlewares/ST/STM32_USB_Host_Library/Core/Src/usbh_core.o
 .text.USBH_LL_SetTimer
                0x00000000080090f8       0x1e Middlewares/ST/STM32_USB_Host_Library/Core/Src/usbh_core.o
                0x00000000080090f8                USBH_LL_SetTimer
 .text.USBH_LL_IncTimer
                0x0000000008009116       0x24 Middlewares/ST/STM32_USB_Host_Library/Core/Src/usbh_core.o
                0x0000000008009116                USBH_LL_IncTimer
 .text.USBH_HandleSof
                0x000000000800913a       0x30 Middlewares/ST/STM32_USB_Host_Library/Core/Src/usbh_core.o
 .text.USBH_LL_PortEnabled
                0x000000000800916a       0x1c Middlewares/ST/STM32_USB_Host_Library/Core/Src/usbh_core.o
                0x000000000800916a                USBH_LL_PortEnabled
 .text.USBH_LL_PortDisabled
                0x0000000008009186       0x1c Middlewares/ST/STM32_USB_Host_Library/Core/Src/usbh_core.o
                0x0000000008009186                USBH_LL_PortDisabled
 .text.USBH_LL_Connect
                0x00000000080091a2       0x2e Middlewares/ST/STM32_USB_Host_Library/Core/Src/usbh_core.o
                0x00000000080091a2                USBH_LL_Connect
 .text.USBH_LL_Disconnect
                0x00000000080091d0       0x48 Middlewares/ST/STM32_USB_Host_Library/Core/Src/usbh_core.o
                0x00000000080091d0                USBH_LL_Disconnect
 .text.USBH_Get_DevDesc
                0x0000000008009218       0x50 Middlewares/ST/STM32_USB_Host_Library/Core/Src/usbh_ctlreq.o
                0x0000000008009218                USBH_Get_DevDesc
 .text.USBH_Get_CfgDesc
                0x0000000008009268       0x48 Middlewares/ST/STM32_USB_Host_Library/Core/Src/usbh_ctlreq.o
                0x0000000008009268                USBH_Get_CfgDesc
 .text.USBH_Get_StringDesc
                0x00000000080092b0       0x56 Middlewares/ST/STM32_USB_Host_Library/Core/Src/usbh_ctlreq.o
                0x00000000080092b0                USBH_Get_StringDesc
 .text.USBH_GetDescriptor
                0x0000000008009306       0x6a Middlewares/ST/STM32_USB_Host_Library/Core/Src/usbh_ctlreq.o
                0x0000000008009306                USBH_GetDescriptor
 .text.USBH_SetAddress
                0x0000000008009370       0x48 Middlewares/ST/STM32_USB_Host_Library/Core/Src/usbh_ctlreq.o
                0x0000000008009370                USBH_SetAddress
 .text.USBH_SetCfg
                0x00000000080093b8       0x46 Middlewares/ST/STM32_USB_Host_Library/Core/Src/usbh_ctlreq.o
                0x00000000080093b8                USBH_SetCfg
 .text.USBH_SetFeature
                0x00000000080093fe       0x48 Middlewares/ST/STM32_USB_Host_Library/Core/Src/usbh_ctlreq.o
                0x00000000080093fe                USBH_SetFeature
 .text.USBH_ClrFeature
                0x0000000008009446       0x48 Middlewares/ST/STM32_USB_Host_Library/Core/Src/usbh_ctlreq.o
                0x0000000008009446                USBH_ClrFeature
 .text.USBH_ParseDevDesc
                0x000000000800948e       0xe0 Middlewares/ST/STM32_USB_Host_Library/Core/Src/usbh_ctlreq.o
 .text.USBH_ParseCfgDesc
                0x000000000800956e      0x144 Middlewares/ST/STM32_USB_Host_Library/Core/Src/usbh_ctlreq.o
 .text.USBH_ParseInterfaceDesc
                0x00000000080096b2       0x5e Middlewares/ST/STM32_USB_Host_Library/Core/Src/usbh_ctlreq.o
 .text.USBH_ParseEPDesc
                0x0000000008009710       0x5a Middlewares/ST/STM32_USB_Host_Library/Core/Src/usbh_ctlreq.o
 .text.USBH_ParseStringDesc
                0x000000000800976a       0x66 Middlewares/ST/STM32_USB_Host_Library/Core/Src/usbh_ctlreq.o
 .text.USBH_GetNextDesc
                0x00000000080097d0       0x36 Middlewares/ST/STM32_USB_Host_Library/Core/Src/usbh_ctlreq.o
                0x00000000080097d0                USBH_GetNextDesc
 .text.USBH_CtlReq
                0x0000000008009806       0x7a Middlewares/ST/STM32_USB_Host_Library/Core/Src/usbh_ctlreq.o
                0x0000000008009806                USBH_CtlReq
 .text.USBH_HandleControl
                0x0000000008009880      0x2e8 Middlewares/ST/STM32_USB_Host_Library/Core/Src/usbh_ctlreq.o
 .text.USBH_CtlSendSetup
                0x0000000008009b68       0x34 Middlewares/ST/STM32_USB_Host_Library/Core/Src/usbh_ioreq.o
                0x0000000008009b68                USBH_CtlSendSetup
 .text.USBH_CtlSendData
                0x0000000008009b9c       0x4a Middlewares/ST/STM32_USB_Host_Library/Core/Src/usbh_ioreq.o
                0x0000000008009b9c                USBH_CtlSendData
 .text.USBH_CtlReceiveData
                0x0000000008009be6       0x3c Middlewares/ST/STM32_USB_Host_Library/Core/Src/usbh_ioreq.o
                0x0000000008009be6                USBH_CtlReceiveData
 .text.USBH_BulkSendData
                0x0000000008009c22       0x4a Middlewares/ST/STM32_USB_Host_Library/Core/Src/usbh_ioreq.o
                0x0000000008009c22                USBH_BulkSendData
 .text.USBH_BulkReceiveData
                0x0000000008009c6c       0x3c Middlewares/ST/STM32_USB_Host_Library/Core/Src/usbh_ioreq.o
                0x0000000008009c6c                USBH_BulkReceiveData
 .text.USBH_OpenPipe
                0x0000000008009ca8       0x3e Middlewares/ST/STM32_USB_Host_Library/Core/Src/usbh_pipes.o
                0x0000000008009ca8                USBH_OpenPipe
 .text.USBH_ClosePipe
                0x0000000008009ce6       0x20 Middlewares/ST/STM32_USB_Host_Library/Core/Src/usbh_pipes.o
                0x0000000008009ce6                USBH_ClosePipe
 .text.USBH_AllocPipe
                0x0000000008009d06       0x42 Middlewares/ST/STM32_USB_Host_Library/Core/Src/usbh_pipes.o
                0x0000000008009d06                USBH_AllocPipe
 .text.USBH_FreePipe
                0x0000000008009d48       0x3c Middlewares/ST/STM32_USB_Host_Library/Core/Src/usbh_pipes.o
                0x0000000008009d48                USBH_FreePipe
 .text.USBH_GetFreePipe
                0x0000000008009d84       0x48 Middlewares/ST/STM32_USB_Host_Library/Core/Src/usbh_pipes.o
 .text.disk_status
                0x0000000008009dcc       0x34 Middlewares/Third_Party/FatFs/src/diskio.o
                0x0000000008009dcc                disk_status
 .text.disk_initialize
                0x0000000008009e00       0x4c Middlewares/Third_Party/FatFs/src/diskio.o
                0x0000000008009e00                disk_initialize
 .text.disk_read
                0x0000000008009e4c       0x40 Middlewares/Third_Party/FatFs/src/diskio.o
                0x0000000008009e4c                disk_read
 .text.disk_write
                0x0000000008009e8c       0x40 Middlewares/Third_Party/FatFs/src/diskio.o
                0x0000000008009e8c                disk_write
 .text.disk_ioctl
                0x0000000008009ecc       0x3c Middlewares/Third_Party/FatFs/src/diskio.o
                0x0000000008009ecc                disk_ioctl
 .text.ld_word  0x0000000008009f08       0x30 Middlewares/Third_Party/FatFs/src/ff.o
 .text.ld_dword
                0x0000000008009f38       0x46 Middlewares/Third_Party/FatFs/src/ff.o
 .text.st_word  0x0000000008009f7e       0x36 Middlewares/Third_Party/FatFs/src/ff.o
 .text.st_dword
                0x0000000008009fb4       0x58 Middlewares/Third_Party/FatFs/src/ff.o
 .text.mem_cpy  0x000000000800a00c       0x42 Middlewares/Third_Party/FatFs/src/ff.o
 .text.mem_set  0x000000000800a04e       0x36 Middlewares/Third_Party/FatFs/src/ff.o
 .text.mem_cmp  0x000000000800a084       0x4e Middlewares/Third_Party/FatFs/src/ff.o
 .text.chk_chr  0x000000000800a0d2       0x36 Middlewares/Third_Party/FatFs/src/ff.o
 .text.chk_lock
                0x000000000800a108       0xb8 Middlewares/Third_Party/FatFs/src/ff.o
 .text.enq_lock
                0x000000000800a1c0       0x44 Middlewares/Third_Party/FatFs/src/ff.o
 .text.inc_lock
                0x000000000800a204      0x11c Middlewares/Third_Party/FatFs/src/ff.o
 .text.dec_lock
                0x000000000800a320       0x78 Middlewares/Third_Party/FatFs/src/ff.o
 .text.clear_lock
                0x000000000800a398       0x48 Middlewares/Third_Party/FatFs/src/ff.o
 .text.sync_window
                0x000000000800a3e0       0x88 Middlewares/Third_Party/FatFs/src/ff.o
 .text.move_window
                0x000000000800a468       0x5a Middlewares/Third_Party/FatFs/src/ff.o
 *fill*         0x000000000800a4c2        0x2 
 .text.sync_fs  0x000000000800a4c4       0xe0 Middlewares/Third_Party/FatFs/src/ff.o
 .text.clust2sect
                0x000000000800a5a4       0x3e Middlewares/Third_Party/FatFs/src/ff.o
 .text.get_fat  0x000000000800a5e2      0x1a8 Middlewares/Third_Party/FatFs/src/ff.o
 .text.put_fat  0x000000000800a78a      0x238 Middlewares/Third_Party/FatFs/src/ff.o
 .text.remove_chain
                0x000000000800a9c2       0xca Middlewares/Third_Party/FatFs/src/ff.o
 .text.create_chain
                0x000000000800aa8c      0x130 Middlewares/Third_Party/FatFs/src/ff.o
 .text.clmt_clust
                0x000000000800abbc       0x70 Middlewares/Third_Party/FatFs/src/ff.o
 .text.dir_sdi  0x000000000800ac2c      0x112 Middlewares/Third_Party/FatFs/src/ff.o
 .text.dir_next
                0x000000000800ad3e      0x1ac Middlewares/Third_Party/FatFs/src/ff.o
 .text.dir_alloc
                0x000000000800aeea       0x8e Middlewares/Third_Party/FatFs/src/ff.o
 .text.ld_clust
                0x000000000800af78       0x3e Middlewares/Third_Party/FatFs/src/ff.o
 .text.st_clust
                0x000000000800afb6       0x40 Middlewares/Third_Party/FatFs/src/ff.o
 .text.dir_find
                0x000000000800aff6       0xaa Middlewares/Third_Party/FatFs/src/ff.o
 .text.dir_register
                0x000000000800b0a0       0x64 Middlewares/Third_Party/FatFs/src/ff.o
 .text.create_name
                0x000000000800b104      0x128 Middlewares/Third_Party/FatFs/src/ff.o
 .text.follow_path
                0x000000000800b22c       0xec Middlewares/Third_Party/FatFs/src/ff.o
 .text.get_ldnumber
                0x000000000800b318       0x88 Middlewares/Third_Party/FatFs/src/ff.o
 .text.check_fs
                0x000000000800b3a0       0xac Middlewares/Third_Party/FatFs/src/ff.o
 .text.find_volume
                0x000000000800b44c      0x508 Middlewares/Third_Party/FatFs/src/ff.o
 .text.validate
                0x000000000800b954       0x6a Middlewares/Third_Party/FatFs/src/ff.o
 *fill*         0x000000000800b9be        0x2 
 .text.f_mount  0x000000000800b9c0       0x8c Middlewares/Third_Party/FatFs/src/ff.o
                0x000000000800b9c0                f_mount
 .text.f_open   0x000000000800ba4c      0x398 Middlewares/Third_Party/FatFs/src/ff.o
                0x000000000800ba4c                f_open
 .text.f_read   0x000000000800bde4      0x2be Middlewares/Third_Party/FatFs/src/ff.o
                0x000000000800bde4                f_read
 .text.f_sync   0x000000000800c0a2       0xfc Middlewares/Third_Party/FatFs/src/ff.o
                0x000000000800c0a2                f_sync
 .text.f_close  0x000000000800c19e       0x54 Middlewares/Third_Party/FatFs/src/ff.o
                0x000000000800c19e                f_close
 .text.f_lseek  0x000000000800c1f2      0x448 Middlewares/Third_Party/FatFs/src/ff.o
                0x000000000800c1f2                f_lseek
 *fill*         0x000000000800c63a        0x2 
 .text.FATFS_LinkDriverEx
                0x000000000800c63c       0x98 Middlewares/Third_Party/FatFs/src/ff_gen_drv.o
                0x000000000800c63c                FATFS_LinkDriverEx
 .text.FATFS_LinkDriver
                0x000000000800c6d4       0x1e Middlewares/Third_Party/FatFs/src/ff_gen_drv.o
                0x000000000800c6d4                FATFS_LinkDriver
 *fill*         0x000000000800c6f2        0x2 
 .text.MX_USB_HOST_Init
                0x000000000800c6f4       0x4c USB_HOST/App/usb_host.o
                0x000000000800c6f4                MX_USB_HOST_Init
 .text.MX_USB_HOST_Process
                0x000000000800c740       0x14 USB_HOST/App/usb_host.o
                0x000000000800c740                MX_USB_HOST_Process
 .text.USBH_UserProcess
                0x000000000800c754       0x5c USB_HOST/App/usb_host.o
 .text.HAL_HCD_MspInit
                0x000000000800c7b0       0xc4 USB_HOST/Target/usbh_conf.o
                0x000000000800c7b0                HAL_HCD_MspInit
 .text.HAL_HCD_SOF_Callback
                0x000000000800c874       0x1c USB_HOST/Target/usbh_conf.o
                0x000000000800c874                HAL_HCD_SOF_Callback
 .text.HAL_HCD_Connect_Callback
                0x000000000800c890       0x1c USB_HOST/Target/usbh_conf.o
                0x000000000800c890                HAL_HCD_Connect_Callback
 .text.HAL_HCD_Disconnect_Callback
                0x000000000800c8ac       0x1c USB_HOST/Target/usbh_conf.o
                0x000000000800c8ac                HAL_HCD_Disconnect_Callback
 .text.HAL_HCD_HC_NotifyURBChange_Callback
                0x000000000800c8c8       0x1c USB_HOST/Target/usbh_conf.o
                0x000000000800c8c8                HAL_HCD_HC_NotifyURBChange_Callback
 .text.HAL_HCD_PortEnabled_Callback
                0x000000000800c8e4       0x1c USB_HOST/Target/usbh_conf.o
                0x000000000800c8e4                HAL_HCD_PortEnabled_Callback
 .text.HAL_HCD_PortDisabled_Callback
                0x000000000800c900       0x1c USB_HOST/Target/usbh_conf.o
                0x000000000800c900                HAL_HCD_PortDisabled_Callback
 .text.USBH_LL_Init
                0x000000000800c91c       0x78 USB_HOST/Target/usbh_conf.o
                0x000000000800c91c                USBH_LL_Init
 .text.USBH_LL_Start
                0x000000000800c994       0x36 USB_HOST/Target/usbh_conf.o
                0x000000000800c994                USBH_LL_Start
 .text.USBH_LL_Stop
                0x000000000800c9ca       0x36 USB_HOST/Target/usbh_conf.o
                0x000000000800c9ca                USBH_LL_Stop
 .text.USBH_LL_GetSpeed
                0x000000000800ca00       0x4e USB_HOST/Target/usbh_conf.o
                0x000000000800ca00                USBH_LL_GetSpeed
 .text.USBH_LL_ResetPort
                0x000000000800ca4e       0x36 USB_HOST/Target/usbh_conf.o
                0x000000000800ca4e                USBH_LL_ResetPort
 .text.USBH_LL_GetLastXferSize
                0x000000000800ca84       0x26 USB_HOST/Target/usbh_conf.o
                0x000000000800ca84                USBH_LL_GetLastXferSize
 .text.USBH_LL_OpenPipe
                0x000000000800caaa       0x5e USB_HOST/Target/usbh_conf.o
                0x000000000800caaa                USBH_LL_OpenPipe
 .text.USBH_LL_ClosePipe
                0x000000000800cb08       0x3e USB_HOST/Target/usbh_conf.o
                0x000000000800cb08                USBH_LL_ClosePipe
 .text.USBH_LL_SubmitURB
                0x000000000800cb46       0x62 USB_HOST/Target/usbh_conf.o
                0x000000000800cb46                USBH_LL_SubmitURB
 .text.USBH_LL_GetURBState
                0x000000000800cba8       0x26 USB_HOST/Target/usbh_conf.o
                0x000000000800cba8                USBH_LL_GetURBState
 .text.USBH_LL_DriverVBUS
                0x000000000800cbce       0x2e USB_HOST/Target/usbh_conf.o
                0x000000000800cbce                USBH_LL_DriverVBUS
 .text.USBH_LL_SetToggle
                0x000000000800cbfc       0x66 USB_HOST/Target/usbh_conf.o
                0x000000000800cbfc                USBH_LL_SetToggle
 .text.USBH_LL_GetToggle
                0x000000000800cc62       0x66 USB_HOST/Target/usbh_conf.o
                0x000000000800cc62                USBH_LL_GetToggle
 .text.USBH_Delay
                0x000000000800ccc8       0x16 USB_HOST/Target/usbh_conf.o
                0x000000000800ccc8                USBH_Delay
 *fill*         0x000000000800ccde        0x2 
 .text.USBH_Get_USB_Status
                0x000000000800cce0       0x58 USB_HOST/Target/usbh_conf.o
                0x000000000800cce0                USBH_Get_USB_Status
 .text.MX_DriverVbusFS
                0x000000000800cd38       0x38 USB_HOST/Target/usbh_platform.o
                0x000000000800cd38                MX_DriverVbusFS
 .text.__errno  0x000000000800cd70        0xc c:/st/stm32cubeide_1.0.1/stm32cubeide/plugins/com.st.stm32cube.ide.mcu.externaltools.gnu-tools-for-stm32.9-2020-q2-update.win32_1.5.0.202011040924/tools/bin/../lib/gcc/arm-none-eabi/9.3.1/../../../../arm-none-eabi/lib/thumb/v7e-m+fp/hard\libc_nano.a(lib_a-errno.o)
                0x000000000800cd70                __errno
 .text.__libc_init_array
                0x000000000800cd7c       0x48 c:/st/stm32cubeide_1.0.1/stm32cubeide/plugins/com.st.stm32cube.ide.mcu.externaltools.gnu-tools-for-stm32.9-2020-q2-update.win32_1.5.0.202011040924/tools/bin/../lib/gcc/arm-none-eabi/9.3.1/../../../../arm-none-eabi/lib/thumb/v7e-m+fp/hard\libc_nano.a(lib_a-init.o)
                0x000000000800cd7c                __libc_init_array
 .text.malloc   0x000000000800cdc4       0x10 c:/st/stm32cubeide_1.0.1/stm32cubeide/plugins/com.st.stm32cube.ide.mcu.externaltools.gnu-tools-for-stm32.9-2020-q2-update.win32_1.5.0.202011040924/tools/bin/../lib/gcc/arm-none-eabi/9.3.1/../../../../arm-none-eabi/lib/thumb/v7e-m+fp/hard\libc_nano.a(lib_a-malloc.o)
                0x000000000800cdc4                malloc
 .text.free     0x000000000800cdd4       0x10 c:/st/stm32cubeide_1.0.1/stm32cubeide/plugins/com.st.stm32cube.ide.mcu.externaltools.gnu-tools-for-stm32.9-2020-q2-update.win32_1.5.0.202011040924/tools/bin/../lib/gcc/arm-none-eabi/9.3.1/../../../../arm-none-eabi/lib/thumb/v7e-m+fp/hard\libc_nano.a(lib_a-malloc.o)
                0x000000000800cdd4                free
 .text.memcpy   0x000000000800cde4       0x1c c:/st/stm32cubeide_1.0.1/stm32cubeide/plugins/com.st.stm32cube.ide.mcu.externaltools.gnu-tools-for-stm32.9-2020-q2-update.win32_1.5.0.202011040924/tools/bin/../lib/gcc/arm-none-eabi/9.3.1/../../../../arm-none-eabi/lib/thumb/v7e-m+fp/hard\libc_nano.a(lib_a-memcpy-stub.o)
                0x000000000800cde4                memcpy
 .text.memset   0x000000000800ce00       0x10 c:/st/stm32cubeide_1.0.1/stm32cubeide/plugins/com.st.stm32cube.ide.mcu.externaltools.gnu-tools-for-stm32.9-2020-q2-update.win32_1.5.0.202011040924/tools/bin/../lib/gcc/arm-none-eabi/9.3.1/../../../../arm-none-eabi/lib/thumb/v7e-m+fp/hard\libc_nano.a(lib_a-memset.o)
                0x000000000800ce00                memset
 .text._free_r  0x000000000800ce10       0xa0 c:/st/stm32cubeide_1.0.1/stm32cubeide/plugins/com.st.stm32cube.ide.mcu.externaltools.gnu-tools-for-stm32.9-2020-q2-update.win32_1.5.0.202011040924/tools/bin/../lib/gcc/arm-none-eabi/9.3.1/../../../../arm-none-eabi/lib/thumb/v7e-m+fp/hard\libc_nano.a(lib_a-nano-freer.o)
                0x000000000800ce10                _free_r
 .text._malloc_r
                0x000000000800ceb0       0xb4 c:/st/stm32cubeide_1.0.1/stm32cubeide/plugins/com.st.stm32cube.ide.mcu.externaltools.gnu-tools-for-stm32.9-2020-q2-update.win32_1.5.0.202011040924/tools/bin/../lib/gcc/arm-none-eabi/9.3.1/../../../../arm-none-eabi/lib/thumb/v7e-m+fp/hard\libc_nano.a(lib_a-nano-mallocr.o)
                0x000000000800ceb0                _malloc_r
 .text._sbrk_r  0x000000000800cf64       0x20 c:/st/stm32cubeide_1.0.1/stm32cubeide/plugins/com.st.stm32cube.ide.mcu.externaltools.gnu-tools-for-stm32.9-2020-q2-update.win32_1.5.0.202011040924/tools/bin/../lib/gcc/arm-none-eabi/9.3.1/../../../../arm-none-eabi/lib/thumb/v7e-m+fp/hard\libc_nano.a(lib_a-sbrkr.o)
                0x000000000800cf64                _sbrk_r
 .text.__malloc_lock
                0x000000000800cf84        0xc c:/st/stm32cubeide_1.0.1/stm32cubeide/plugins/com.st.stm32cube.ide.mcu.externaltools.gnu-tools-for-stm32.9-2020-q2-update.win32_1.5.0.202011040924/tools/bin/../lib/gcc/arm-none-eabi/9.3.1/../../../../arm-none-eabi/lib/thumb/v7e-m+fp/hard\libc_nano.a(lib_a-mlock.o)
                0x000000000800cf84                __malloc_lock
 .text.__malloc_unlock
                0x000000000800cf90        0xc c:/st/stm32cubeide_1.0.1/stm32cubeide/plugins/com.st.stm32cube.ide.mcu.externaltools.gnu-tools-for-stm32.9-2020-q2-update.win32_1.5.0.202011040924/tools/bin/../lib/gcc/arm-none-eabi/9.3.1/../../../../arm-none-eabi/lib/thumb/v7e-m+fp/hard\libc_nano.a(lib_a-mlock.o)
                0x000000000800cf90                __malloc_unlock
 .text.__retarget_lock_acquire_recursive
                0x000000000800cf9c        0x2 c:/st/stm32cubeide_1.0.1/stm32cubeide/plugins/com.st.stm32cube.ide.mcu.externaltools.gnu-tools-for-stm32.9-2020-q2-update.win32_1.5.0.202011040924/tools/bin/../lib/gcc/arm-none-eabi/9.3.1/../../../../arm-none-eabi/lib/thumb/v7e-m+fp/hard\libc_nano.a(lib_a-lock.o)
                0x000000000800cf9c                __retarget_lock_acquire_recursive
 .text.__retarget_lock_release_recursive
                0x000000000800cf9e        0x2 c:/st/stm32cubeide_1.0.1/stm32cubeide/plugins/com.st.stm32cube.ide.mcu.externaltools.gnu-tools-for-stm32.9-2020-q2-update.win32_1.5.0.202011040924/tools/bin/../lib/gcc/arm-none-eabi/9.3.1/../../../../arm-none-eabi/lib/thumb/v7e-m+fp/hard\libc_nano.a(lib_a-lock.o)
                0x000000000800cf9e                __retarget_lock_release_recursive
 *(.glue_7)
 .glue_7        0x000000000800cfa0        0x0 linker stubs
 *(.glue_7t)
 .glue_7t       0x000000000800cfa0        0x0 linker stubs
 *(.eh_frame)
 .eh_frame      0x000000000800cfa0        0x0 c:/st/stm32cubeide_1.0.1/stm32cubeide/plugins/com.st.stm32cube.ide.mcu.externaltools.gnu-tools-for-stm32.9-2020-q2-update.win32_1.5.0.202011040924/tools/bin/../lib/gcc/arm-none-eabi/9.3.1/thumb/v7e-m+fp/hard/crtbegin.o
 *(.init)
 .init          0x000000000800cfa0        0x4 c:/st/stm32cubeide_1.0.1/stm32cubeide/plugins/com.st.stm32cube.ide.mcu.externaltools.gnu-tools-for-stm32.9-2020-q2-update.win32_1.5.0.202011040924/tools/bin/../lib/gcc/arm-none-eabi/9.3.1/thumb/v7e-m+fp/hard/crti.o
                0x000000000800cfa0                _init
 .init          0x000000000800cfa4        0x8 c:/st/stm32cubeide_1.0.1/stm32cubeide/plugins/com.st.stm32cube.ide.mcu.externaltools.gnu-tools-for-stm32.9-2020-q2-update.win32_1.5.0.202011040924/tools/bin/../lib/gcc/arm-none-eabi/9.3.1/thumb/v7e-m+fp/hard/crtn.o
 *(.fini)
 .fini          0x000000000800cfac        0x4 c:/st/stm32cubeide_1.0.1/stm32cubeide/plugins/com.st.stm32cube.ide.mcu.externaltools.gnu-tools-for-stm32.9-2020-q2-update.win32_1.5.0.202011040924/tools/bin/../lib/gcc/arm-none-eabi/9.3.1/thumb/v7e-m+fp/hard/crti.o
                0x000000000800cfac                _fini
 .fini          0x000000000800cfb0        0x8 c:/st/stm32cubeide_1.0.1/stm32cubeide/plugins/com.st.stm32cube.ide.mcu.externaltools.gnu-tools-for-stm32.9-2020-q2-update.win32_1.5.0.202011040924/tools/bin/../lib/gcc/arm-none-eabi/9.3.1/thumb/v7e-m+fp/hard/crtn.o
                0x000000000800cfb8                . = ALIGN (0x4)
                0x000000000800cfb8                _etext = .

.vfp11_veneer   0x000000000800cfb8        0x0
 .vfp11_veneer  0x000000000800cfb8        0x0 linker stubs

.v4_bx          0x000000000800cfb8        0x0
 .v4_bx         0x000000000800cfb8        0x0 linker stubs

.iplt           0x000000000800cfb8        0x0
 .iplt          0x000000000800cfb8        0x0 c:/st/stm32cubeide_1.0.1/stm32cubeide/plugins/com.st.stm32cube.ide.mcu.externaltools.gnu-tools-for-stm32.9-2020-q2-update.win32_1.5.0.202011040924/tools/bin/../lib/gcc/arm-none-eabi/9.3.1/thumb/v7e-m+fp/hard/crtbegin.o

.rodata         0x000000000800cfb8      0x108
                0x000000000800cfb8                . = ALIGN (0x4)
 *(.rodata)
 .rodata        0x000000000800cfb8        0xc Core/Src/main.o
 .rodata        0x000000000800cfc4        0x4 Middlewares/ST/STM32_USB_Host_Library/Class/MSC/Src/usbh_msc.o
 .rodata        0x000000000800cfc8       0x44 Middlewares/Third_Party/FatFs/src/ff.o
 *(.rodata*)
 .rodata.AHBPrescTable
                0x000000000800d00c       0x10 Core/Src/system_stm32f4xx.o
                0x000000000800d00c                AHBPrescTable
 .rodata.APBPrescTable
                0x000000000800d01c        0x8 Core/Src/system_stm32f4xx.o
                0x000000000800d01c                APBPrescTable
 .rodata.flagBitshiftOffset.8409
                0x000000000800d024        0x8 Drivers/STM32F4xx_HAL_Driver/Src/stm32f4xx_hal_dma.o
 .rodata.USBH_Driver
                0x000000000800d02c       0x14 FATFS/Target/usbh_diskio.o
                0x000000000800d02c                USBH_Driver
 .rodata.ExCvt  0x000000000800d040       0x80 Middlewares/Third_Party/FatFs/src/ff.o
                0x000000000800d0c0                . = ALIGN (0x4)

.ARM.extab      0x000000000800d0c0        0x0
                0x000000000800d0c0                . = ALIGN (0x4)
 *(.ARM.extab* .gnu.linkonce.armextab.*)
                0x000000000800d0c0                . = ALIGN (0x4)

.ARM            0x000000000800d0c0        0x8
                0x000000000800d0c0                . = ALIGN (0x4)
                0x000000000800d0c0                __exidx_start = .
 *(.ARM.exidx*)
 .ARM.exidx     0x000000000800d0c0        0x8 c:/st/stm32cubeide_1.0.1/stm32cubeide/plugins/com.st.stm32cube.ide.mcu.externaltools.gnu-tools-for-stm32.9-2020-q2-update.win32_1.5.0.202011040924/tools/bin/../lib/gcc/arm-none-eabi/9.3.1/thumb/v7e-m+fp/hard\libgcc.a(_udivmoddi4.o)
                0x000000000800d0c8                __exidx_end = .
                0x000000000800d0c8                . = ALIGN (0x4)

.rel.dyn        0x000000000800d0c8        0x0
 .rel.iplt      0x000000000800d0c8        0x0 c:/st/stm32cubeide_1.0.1/stm32cubeide/plugins/com.st.stm32cube.ide.mcu.externaltools.gnu-tools-for-stm32.9-2020-q2-update.win32_1.5.0.202011040924/tools/bin/../lib/gcc/arm-none-eabi/9.3.1/thumb/v7e-m+fp/hard/crtbegin.o

.preinit_array  0x000000000800d0c8        0x0
                0x000000000800d0c8                . = ALIGN (0x4)
                0x000000000800d0c8                PROVIDE (__preinit_array_start = .)
 *(.preinit_array*)
                0x000000000800d0c8                PROVIDE (__preinit_array_end = .)
                0x000000000800d0c8                . = ALIGN (0x4)

.init_array     0x000000000800d0c8        0x4
                0x000000000800d0c8                . = ALIGN (0x4)
                0x000000000800d0c8                PROVIDE (__init_array_start = .)
 *(SORT_BY_NAME(.init_array.*))
 *(.init_array*)
 .init_array    0x000000000800d0c8        0x4 c:/st/stm32cubeide_1.0.1/stm32cubeide/plugins/com.st.stm32cube.ide.mcu.externaltools.gnu-tools-for-stm32.9-2020-q2-update.win32_1.5.0.202011040924/tools/bin/../lib/gcc/arm-none-eabi/9.3.1/thumb/v7e-m+fp/hard/crtbegin.o
                0x000000000800d0cc                PROVIDE (__init_array_end = .)
                0x000000000800d0cc                . = ALIGN (0x4)

.fini_array     0x000000000800d0cc        0x4
                0x000000000800d0cc                . = ALIGN (0x4)
                [!provide]                        PROVIDE (__fini_array_start = .)
 *(SORT_BY_NAME(.fini_array.*))
 *(.fini_array*)
 .fini_array    0x000000000800d0cc        0x4 c:/st/stm32cubeide_1.0.1/stm32cubeide/plugins/com.st.stm32cube.ide.mcu.externaltools.gnu-tools-for-stm32.9-2020-q2-update.win32_1.5.0.202011040924/tools/bin/../lib/gcc/arm-none-eabi/9.3.1/thumb/v7e-m+fp/hard/crtbegin.o
                [!provide]                        PROVIDE (__fini_array_end = .)
                0x000000000800d0d0                . = ALIGN (0x4)
                0x000000000800d0d0                _sidata = LOADADDR (.data)

.data           0x0000000020000000       0x90 load address 0x000000000800d0d0
                0x0000000020000000                . = ALIGN (0x4)
                0x0000000020000000                _sdata = .
 *(.data)
 *(.data*)
 .data.SystemCoreClock
                0x0000000020000000        0x4 Core/Src/system_stm32f4xx.o
                0x0000000020000000                SystemCoreClock
 .data.uwTickPrio
                0x0000000020000004        0x4 Drivers/STM32F4xx_HAL_Driver/Src/stm32f4xx_hal.o
                0x0000000020000004                uwTickPrio
 .data.uwTickFreq
                0x0000000020000008        0x1 Drivers/STM32F4xx_HAL_Driver/Src/stm32f4xx_hal.o
                0x0000000020000008                uwTickFreq
 *fill*         0x0000000020000009        0x3 
 .data.USBH_msc
                0x000000002000000c       0x20 Middlewares/ST/STM32_USB_Host_Library/Class/MSC/Src/usbh_msc.o
                0x000000002000000c                USBH_msc
 .data._impure_ptr
                0x000000002000002c        0x4 c:/st/stm32cubeide_1.0.1/stm32cubeide/plugins/com.st.stm32cube.ide.mcu.externaltools.gnu-tools-for-stm32.9-2020-q2-update.win32_1.5.0.202011040924/tools/bin/../lib/gcc/arm-none-eabi/9.3.1/../../../../arm-none-eabi/lib/thumb/v7e-m+fp/hard\libc_nano.a(lib_a-impure.o)
                0x000000002000002c                _impure_ptr
 .data.impure_data
                0x0000000020000030       0x60 c:/st/stm32cubeide_1.0.1/stm32cubeide/plugins/com.st.stm32cube.ide.mcu.externaltools.gnu-tools-for-stm32.9-2020-q2-update.win32_1.5.0.202011040924/tools/bin/../lib/gcc/arm-none-eabi/9.3.1/../../../../arm-none-eabi/lib/thumb/v7e-m+fp/hard\libc_nano.a(lib_a-impure.o)
                0x0000000020000090                . = ALIGN (0x4)
                0x0000000020000090                _edata = .

.igot.plt       0x0000000020000090        0x0 load address 0x000000000800d160
 .igot.plt      0x0000000020000090        0x0 c:/st/stm32cubeide_1.0.1/stm32cubeide/plugins/com.st.stm32cube.ide.mcu.externaltools.gnu-tools-for-stm32.9-2020-q2-update.win32_1.5.0.202011040924/tools/bin/../lib/gcc/arm-none-eabi/9.3.1/thumb/v7e-m+fp/hard/crtbegin.o
                0x0000000020000090                . = ALIGN (0x4)

.bss            0x0000000020000090     0xa5dc load address 0x000000000800d160
                0x0000000020000090                _sbss = .
                0x0000000020000090                __bss_start__ = _sbss
 *(.bss)
 .bss           0x0000000020000090       0x1c c:/st/stm32cubeide_1.0.1/stm32cubeide/plugins/com.st.stm32cube.ide.mcu.externaltools.gnu-tools-for-stm32.9-2020-q2-update.win32_1.5.0.202011040924/tools/bin/../lib/gcc/arm-none-eabi/9.3.1/thumb/v7e-m+fp/hard/crtbegin.o
 *(.bss*)
 .bss.bw        0x00000000200000ac        0x2 Core/Src/CS43L22.o
                0x00000000200000ac                bw
 *fill*         0x00000000200000ae        0x2 
 .bss.heap_end.6585
                0x00000000200000b0        0x4 Core/Src/sysmem.o
 .bss.tmpreg.8565
                0x00000000200000b4        0x4 Drivers/STM32F4xx_HAL_Driver/Src/stm32f4xx_ll_usb.o
 .bss.FatFs     0x00000000200000b8        0x4 Middlewares/Third_Party/FatFs/src/ff.o
 .bss.Fsid      0x00000000200000bc        0x2 Middlewares/Third_Party/FatFs/src/ff.o
 *fill*         0x00000000200000be        0x2 
 .bss.Files     0x00000000200000c0       0x20 Middlewares/Third_Party/FatFs/src/ff.o
 .bss.disk      0x00000000200000e0        0xc Middlewares/Third_Party/FatFs/src/ff_gen_drv.o
                0x00000000200000e0                disk
 .bss.Appli_state
                0x00000000200000ec        0x1 USB_HOST/App/usb_host.o
                0x00000000200000ec                Appli_state
 *fill*         0x00000000200000ed        0x3 
 .bss.__malloc_free_list
                0x00000000200000f0        0x4 c:/st/stm32cubeide_1.0.1/stm32cubeide/plugins/com.st.stm32cube.ide.mcu.externaltools.gnu-tools-for-stm32.9-2020-q2-update.win32_1.5.0.202011040924/tools/bin/../lib/gcc/arm-none-eabi/9.3.1/../../../../arm-none-eabi/lib/thumb/v7e-m+fp/hard\libc_nano.a(lib_a-nano-mallocr.o)
                0x00000000200000f0                __malloc_free_list
 .bss.__malloc_sbrk_start
                0x00000000200000f4        0x4 c:/st/stm32cubeide_1.0.1/stm32cubeide/plugins/com.st.stm32cube.ide.mcu.externaltools.gnu-tools-for-stm32.9-2020-q2-update.win32_1.5.0.202011040924/tools/bin/../lib/gcc/arm-none-eabi/9.3.1/../../../../arm-none-eabi/lib/thumb/v7e-m+fp/hard\libc_nano.a(lib_a-nano-mallocr.o)
                0x00000000200000f4                __malloc_sbrk_start
 *(COMMON)
 COMMON         0x00000000200000f8     0x7d02 Core/Src/CS43L22.o
                0x00000000200000f8                aBuf
 *fill*         0x0000000020007dfa        0x2 
 COMMON         0x0000000020007dfc      0x154 Core/Src/main.o
                0x0000000020007dfc                hi2c1
                0x0000000020007e50                hdma_spi3_tx
                0x0000000020007eb0                hspi1
                0x0000000020007f08                hi2s3
 COMMON         0x0000000020007f50        0x4 Drivers/STM32F4xx_HAL_Driver/Src/stm32f4xx_hal.o
                0x0000000020007f50                uwTick
 COMMON         0x0000000020007f54     0x2069 FATFS/App/fatfs.o
                0x0000000020007f54                USBHPath
                0x0000000020007f58                USBHFile
                0x0000000020008f88                USBHFatFS
                0x0000000020009fbc                retUSBH
 *fill*         0x0000000020009fbd        0x3 
 COMMON         0x0000000020009fc0      0x3d8 USB_HOST/App/usb_host.o
                0x0000000020009fc0                hUsbHostFS
 COMMON         0x000000002000a398      0x2c4 USB_HOST/Target/usbh_conf.o
                0x000000002000a398                hhcd_USB_OTG_FS
 COMMON         0x000000002000a65c        0x4 c:/st/stm32cubeide_1.0.1/stm32cubeide/plugins/com.st.stm32cube.ide.mcu.externaltools.gnu-tools-for-stm32.9-2020-q2-update.win32_1.5.0.202011040924/tools/bin/../lib/gcc/arm-none-eabi/9.3.1/../../../../arm-none-eabi/lib/thumb/v7e-m+fp/hard\libc_nano.a(lib_a-reent.o)
                0x000000002000a65c                errno
 COMMON         0x000000002000a660        0x9 c:/st/stm32cubeide_1.0.1/stm32cubeide/plugins/com.st.stm32cube.ide.mcu.externaltools.gnu-tools-for-stm32.9-2020-q2-update.win32_1.5.0.202011040924/tools/bin/../lib/gcc/arm-none-eabi/9.3.1/../../../../arm-none-eabi/lib/thumb/v7e-m+fp/hard\libc_nano.a(lib_a-lock.o)
                0x000000002000a660                __lock___atexit_recursive_mutex
                0x000000002000a661                __lock___arc4random_mutex
                0x000000002000a662                __lock___env_recursive_mutex
                0x000000002000a663                __lock___sinit_recursive_mutex
                0x000000002000a664                __lock___malloc_recursive_mutex
                0x000000002000a665                __lock___at_quick_exit_mutex
                0x000000002000a666                __lock___dd_hash_mutex
                0x000000002000a667                __lock___tz_mutex
                0x000000002000a668                __lock___sfp_recursive_mutex
                0x000000002000a66c                . = ALIGN (0x4)
 *fill*         0x000000002000a669        0x3 
                0x000000002000a66c                _ebss = .
                0x000000002000a66c                __bss_end__ = _ebss

._user_heap_stack
                0x000000002000a66c      0x604 load address 0x000000000800d160
                0x000000002000a670                . = ALIGN (0x8)
 *fill*         0x000000002000a66c        0x4 
                0x000000002000a670                PROVIDE (end = .)
                [!provide]                        PROVIDE (_end = .)
                0x000000002000a870                . = (. + _Min_Heap_Size)
 *fill*         0x000000002000a670      0x200 
                0x000000002000ac70                . = (. + _Min_Stack_Size)
 *fill*         0x000000002000a870      0x400 
                0x000000002000ac70                . = ALIGN (0x8)

/DISCARD/
 libc.a(*)
 libm.a(*)
 libgcc.a(*)

.ARM.attributes
                0x0000000000000000       0x30
 *(.ARM.attributes)
 .ARM.attributes
                0x0000000000000000       0x1e c:/st/stm32cubeide_1.0.1/stm32cubeide/plugins/com.st.stm32cube.ide.mcu.externaltools.gnu-tools-for-stm32.9-2020-q2-update.win32_1.5.0.202011040924/tools/bin/../lib/gcc/arm-none-eabi/9.3.1/thumb/v7e-m+fp/hard/crti.o
 .ARM.attributes
                0x000000000000001e       0x34 c:/st/stm32cubeide_1.0.1/stm32cubeide/plugins/com.st.stm32cube.ide.mcu.externaltools.gnu-tools-for-stm32.9-2020-q2-update.win32_1.5.0.202011040924/tools/bin/../lib/gcc/arm-none-eabi/9.3.1/thumb/v7e-m+fp/hard/crtbegin.o
 .ARM.attributes
                0x0000000000000052       0x34 Core/Src/CS43L22.o
 .ARM.attributes
                0x0000000000000086       0x34 Core/Src/main.o
 .ARM.attributes
                0x00000000000000ba       0x34 Core/Src/stm32f4xx_hal_msp.o
 .ARM.attributes
                0x00000000000000ee       0x34 Core/Src/stm32f4xx_it.o
 .ARM.attributes
                0x0000000000000122       0x34 Core/Src/sysmem.o
 .ARM.attributes
                0x0000000000000156       0x34 Core/Src/system_stm32f4xx.o
 .ARM.attributes
                0x000000000000018a       0x21 Core/Startup/startup_stm32f407vgtx.o
 .ARM.attributes
                0x00000000000001ab       0x34 Drivers/STM32F4xx_HAL_Driver/Src/stm32f4xx_hal.o
 .ARM.attributes
                0x00000000000001df       0x34 Drivers/STM32F4xx_HAL_Driver/Src/stm32f4xx_hal_cortex.o
 .ARM.attributes
                0x0000000000000213       0x34 Drivers/STM32F4xx_HAL_Driver/Src/stm32f4xx_hal_dma.o
 .ARM.attributes
                0x0000000000000247       0x34 Drivers/STM32F4xx_HAL_Driver/Src/stm32f4xx_hal_gpio.o
 .ARM.attributes
                0x000000000000027b       0x34 Drivers/STM32F4xx_HAL_Driver/Src/stm32f4xx_hal_hcd.o
 .ARM.attributes
                0x00000000000002af       0x34 Drivers/STM32F4xx_HAL_Driver/Src/stm32f4xx_hal_i2c.o
 .ARM.attributes
                0x00000000000002e3       0x34 Drivers/STM32F4xx_HAL_Driver/Src/stm32f4xx_hal_i2s.o
 .ARM.attributes
                0x0000000000000317       0x34 Drivers/STM32F4xx_HAL_Driver/Src/stm32f4xx_hal_i2s_ex.o
 .ARM.attributes
                0x000000000000034b       0x34 Drivers/STM32F4xx_HAL_Driver/Src/stm32f4xx_hal_rcc.o
 .ARM.attributes
                0x000000000000037f       0x34 Drivers/STM32F4xx_HAL_Driver/Src/stm32f4xx_hal_rcc_ex.o
 .ARM.attributes
                0x00000000000003b3       0x34 Drivers/STM32F4xx_HAL_Driver/Src/stm32f4xx_hal_spi.o
 .ARM.attributes
                0x00000000000003e7       0x34 Drivers/STM32F4xx_HAL_Driver/Src/stm32f4xx_ll_usb.o
 .ARM.attributes
                0x000000000000041b       0x34 FATFS/App/fatfs.o
 .ARM.attributes
                0x000000000000044f       0x34 FATFS/Target/usbh_diskio.o
 .ARM.attributes
                0x0000000000000483       0x34 Middlewares/ST/STM32_USB_Host_Library/Class/MSC/Src/usbh_msc.o
 .ARM.attributes
                0x00000000000004b7       0x34 Middlewares/ST/STM32_USB_Host_Library/Class/MSC/Src/usbh_msc_bot.o
 .ARM.attributes
                0x00000000000004eb       0x34 Middlewares/ST/STM32_USB_Host_Library/Class/MSC/Src/usbh_msc_scsi.o
 .ARM.attributes
                0x000000000000051f       0x34 Middlewares/ST/STM32_USB_Host_Library/Core/Src/usbh_core.o
 .ARM.attributes
                0x0000000000000553       0x34 Middlewares/ST/STM32_USB_Host_Library/Core/Src/usbh_ctlreq.o
 .ARM.attributes
                0x0000000000000587       0x34 Middlewares/ST/STM32_USB_Host_Library/Core/Src/usbh_ioreq.o
 .ARM.attributes
                0x00000000000005bb       0x34 Middlewares/ST/STM32_USB_Host_Library/Core/Src/usbh_pipes.o
 .ARM.attributes
                0x00000000000005ef       0x34 Middlewares/Third_Party/FatFs/src/diskio.o
 .ARM.attributes
                0x0000000000000623       0x34 Middlewares/Third_Party/FatFs/src/ff.o
 .ARM.attributes
                0x0000000000000657       0x34 Middlewares/Third_Party/FatFs/src/ff_gen_drv.o
 .ARM.attributes
                0x000000000000068b       0x34 USB_HOST/App/usb_host.o
 .ARM.attributes
                0x00000000000006bf       0x34 USB_HOST/Target/usbh_conf.o
 .ARM.attributes
                0x00000000000006f3       0x34 USB_HOST/Target/usbh_platform.o
 .ARM.attributes
                0x0000000000000727       0x34 c:/st/stm32cubeide_1.0.1/stm32cubeide/plugins/com.st.stm32cube.ide.mcu.externaltools.gnu-tools-for-stm32.9-2020-q2-update.win32_1.5.0.202011040924/tools/bin/../lib/gcc/arm-none-eabi/9.3.1/../../../../arm-none-eabi/lib/thumb/v7e-m+fp/hard\libc_nano.a(lib_a-errno.o)
 .ARM.attributes
                0x000000000000075b       0x32 c:/st/stm32cubeide_1.0.1/stm32cubeide/plugins/com.st.stm32cube.ide.mcu.externaltools.gnu-tools-for-stm32.9-2020-q2-update.win32_1.5.0.202011040924/tools/bin/../lib/gcc/arm-none-eabi/9.3.1/../../../../arm-none-eabi/lib/thumb/v7e-m+fp/hard\libc_nano.a(lib_a-impure.o)
 .ARM.attributes
                0x000000000000078d       0x34 c:/st/stm32cubeide_1.0.1/stm32cubeide/plugins/com.st.stm32cube.ide.mcu.externaltools.gnu-tools-for-stm32.9-2020-q2-update.win32_1.5.0.202011040924/tools/bin/../lib/gcc/arm-none-eabi/9.3.1/../../../../arm-none-eabi/lib/thumb/v7e-m+fp/hard\libc_nano.a(lib_a-init.o)
 .ARM.attributes
                0x00000000000007c1       0x34 c:/st/stm32cubeide_1.0.1/stm32cubeide/plugins/com.st.stm32cube.ide.mcu.externaltools.gnu-tools-for-stm32.9-2020-q2-update.win32_1.5.0.202011040924/tools/bin/../lib/gcc/arm-none-eabi/9.3.1/../../../../arm-none-eabi/lib/thumb/v7e-m+fp/hard\libc_nano.a(lib_a-malloc.o)
 .ARM.attributes
                0x00000000000007f5       0x34 c:/st/stm32cubeide_1.0.1/stm32cubeide/plugins/com.st.stm32cube.ide.mcu.externaltools.gnu-tools-for-stm32.9-2020-q2-update.win32_1.5.0.202011040924/tools/bin/../lib/gcc/arm-none-eabi/9.3.1/../../../../arm-none-eabi/lib/thumb/v7e-m+fp/hard\libc_nano.a(lib_a-memcpy-stub.o)
 .ARM.attributes
                0x0000000000000829       0x34 c:/st/stm32cubeide_1.0.1/stm32cubeide/plugins/com.st.stm32cube.ide.mcu.externaltools.gnu-tools-for-stm32.9-2020-q2-update.win32_1.5.0.202011040924/tools/bin/../lib/gcc/arm-none-eabi/9.3.1/../../../../arm-none-eabi/lib/thumb/v7e-m+fp/hard\libc_nano.a(lib_a-memset.o)
 .ARM.attributes
                0x000000000000085d       0x34 c:/st/stm32cubeide_1.0.1/stm32cubeide/plugins/com.st.stm32cube.ide.mcu.externaltools.gnu-tools-for-stm32.9-2020-q2-update.win32_1.5.0.202011040924/tools/bin/../lib/gcc/arm-none-eabi/9.3.1/../../../../arm-none-eabi/lib/thumb/v7e-m+fp/hard\libc_nano.a(lib_a-nano-freer.o)
 .ARM.attributes
                0x0000000000000891       0x34 c:/st/stm32cubeide_1.0.1/stm32cubeide/plugins/com.st.stm32cube.ide.mcu.externaltools.gnu-tools-for-stm32.9-2020-q2-update.win32_1.5.0.202011040924/tools/bin/../lib/gcc/arm-none-eabi/9.3.1/../../../../arm-none-eabi/lib/thumb/v7e-m+fp/hard\libc_nano.a(lib_a-nano-mallocr.o)
 .ARM.attributes
                0x00000000000008c5       0x34 c:/st/stm32cubeide_1.0.1/stm32cubeide/plugins/com.st.stm32cube.ide.mcu.externaltools.gnu-tools-for-stm32.9-2020-q2-update.win32_1.5.0.202011040924/tools/bin/../lib/gcc/arm-none-eabi/9.3.1/../../../../arm-none-eabi/lib/thumb/v7e-m+fp/hard\libc_nano.a(lib_a-sbrkr.o)
 .ARM.attributes
                0x00000000000008f9       0x34 c:/st/stm32cubeide_1.0.1/stm32cubeide/plugins/com.st.stm32cube.ide.mcu.externaltools.gnu-tools-for-stm32.9-2020-q2-update.win32_1.5.0.202011040924/tools/bin/../lib/gcc/arm-none-eabi/9.3.1/../../../../arm-none-eabi/lib/thumb/v7e-m+fp/hard\libc_nano.a(lib_a-mlock.o)
 .ARM.attributes
                0x000000000000092d       0x34 c:/st/stm32cubeide_1.0.1/stm32cubeide/plugins/com.st.stm32cube.ide.mcu.externaltools.gnu-tools-for-stm32.9-2020-q2-update.win32_1.5.0.202011040924/tools/bin/../lib/gcc/arm-none-eabi/9.3.1/../../../../arm-none-eabi/lib/thumb/v7e-m+fp/hard\libc_nano.a(lib_a-reent.o)
 .ARM.attributes
                0x0000000000000961       0x34 c:/st/stm32cubeide_1.0.1/stm32cubeide/plugins/com.st.stm32cube.ide.mcu.externaltools.gnu-tools-for-stm32.9-2020-q2-update.win32_1.5.0.202011040924/tools/bin/../lib/gcc/arm-none-eabi/9.3.1/../../../../arm-none-eabi/lib/thumb/v7e-m+fp/hard\libc_nano.a(lib_a-lock.o)
 .ARM.attributes
                0x0000000000000995       0x1e c:/st/stm32cubeide_1.0.1/stm32cubeide/plugins/com.st.stm32cube.ide.mcu.externaltools.gnu-tools-for-stm32.9-2020-q2-update.win32_1.5.0.202011040924/tools/bin/../lib/gcc/arm-none-eabi/9.3.1/thumb/v7e-m+fp/hard\libgcc.a(_aeabi_uldivmod.o)
 .ARM.attributes
                0x00000000000009b3       0x34 c:/st/stm32cubeide_1.0.1/stm32cubeide/plugins/com.st.stm32cube.ide.mcu.externaltools.gnu-tools-for-stm32.9-2020-q2-update.win32_1.5.0.202011040924/tools/bin/../lib/gcc/arm-none-eabi/9.3.1/thumb/v7e-m+fp/hard\libgcc.a(_udivmoddi4.o)
 .ARM.attributes
                0x00000000000009e7       0x1e c:/st/stm32cubeide_1.0.1/stm32cubeide/plugins/com.st.stm32cube.ide.mcu.externaltools.gnu-tools-for-stm32.9-2020-q2-update.win32_1.5.0.202011040924/tools/bin/../lib/gcc/arm-none-eabi/9.3.1/thumb/v7e-m+fp/hard\libgcc.a(_dvmd_tls.o)
 .ARM.attributes
                0x0000000000000a05       0x1e c:/st/stm32cubeide_1.0.1/stm32cubeide/plugins/com.st.stm32cube.ide.mcu.externaltools.gnu-tools-for-stm32.9-2020-q2-update.win32_1.5.0.202011040924/tools/bin/../lib/gcc/arm-none-eabi/9.3.1/thumb/v7e-m+fp/hard/crtn.o
OUTPUT(F407_OTG_AUDIO.elf elf32-littlearm)
LOAD linker stubs
LOAD c:/st/stm32cubeide_1.0.1/stm32cubeide/plugins/com.st.stm32cube.ide.mcu.externaltools.gnu-tools-for-stm32.9-2020-q2-update.win32_1.5.0.202011040924/tools/bin/../lib/gcc/arm-none-eabi/9.3.1/../../../../arm-none-eabi/lib/thumb/v7e-m+fp/hard\libc.a
LOAD c:/st/stm32cubeide_1.0.1/stm32cubeide/plugins/com.st.stm32cube.ide.mcu.externaltools.gnu-tools-for-stm32.9-2020-q2-update.win32_1.5.0.202011040924/tools/bin/../lib/gcc/arm-none-eabi/9.3.1/../../../../arm-none-eabi/lib/thumb/v7e-m+fp/hard\libm.a
LOAD c:/st/stm32cubeide_1.0.1/stm32cubeide/plugins/com.st.stm32cube.ide.mcu.externaltools.gnu-tools-for-stm32.9-2020-q2-update.win32_1.5.0.202011040924/tools/bin/../lib/gcc/arm-none-eabi/9.3.1/thumb/v7e-m+fp/hard\libgcc.a

.debug_info     0x0000000000000000    0x2abf0
 .debug_info    0x0000000000000000     0x2065 Core/Src/CS43L22.o
 .debug_info    0x0000000000002065     0x299a Core/Src/main.o
 .debug_info    0x00000000000049ff     0x103f Core/Src/stm32f4xx_hal_msp.o
 .debug_info    0x0000000000005a3e      0xc39 Core/Src/stm32f4xx_it.o
 .debug_info    0x0000000000006677      0x9b5 Core/Src/sysmem.o
 .debug_info    0x000000000000702c      0x5a4 Core/Src/system_stm32f4xx.o
 .debug_info    0x00000000000075d0       0x22 Core/Startup/startup_stm32f407vgtx.o
 .debug_info    0x00000000000075f2      0x9b2 Drivers/STM32F4xx_HAL_Driver/Src/stm32f4xx_hal.o
 .debug_info    0x0000000000007fa4      0xed7 Drivers/STM32F4xx_HAL_Driver/Src/stm32f4xx_hal_cortex.o
 .debug_info    0x0000000000008e7b      0x9f1 Drivers/STM32F4xx_HAL_Driver/Src/stm32f4xx_hal_dma.o
 .debug_info    0x000000000000986c      0x82e Drivers/STM32F4xx_HAL_Driver/Src/stm32f4xx_hal_gpio.o
 .debug_info    0x000000000000a09a      0xf12 Drivers/STM32F4xx_HAL_Driver/Src/stm32f4xx_hal_hcd.o
 .debug_info    0x000000000000afac     0x25bb Drivers/STM32F4xx_HAL_Driver/Src/stm32f4xx_hal_i2c.o
 .debug_info    0x000000000000d567      0xf30 Drivers/STM32F4xx_HAL_Driver/Src/stm32f4xx_hal_i2s.o
 .debug_info    0x000000000000e497      0xc22 Drivers/STM32F4xx_HAL_Driver/Src/stm32f4xx_hal_i2s_ex.o
 .debug_info    0x000000000000f0b9      0x996 Drivers/STM32F4xx_HAL_Driver/Src/stm32f4xx_hal_rcc.o
 .debug_info    0x000000000000fa4f      0x603 Drivers/STM32F4xx_HAL_Driver/Src/stm32f4xx_hal_rcc_ex.o
 .debug_info    0x0000000000010052     0x1780 Drivers/STM32F4xx_HAL_Driver/Src/stm32f4xx_hal_spi.o
 .debug_info    0x00000000000117d2     0x1a62 Drivers/STM32F4xx_HAL_Driver/Src/stm32f4xx_ll_usb.o
 .debug_info    0x0000000000013234     0x1725 FATFS/App/fatfs.o
 .debug_info    0x0000000000014959     0x1812 FATFS/Target/usbh_diskio.o
 .debug_info    0x000000000001616b     0x1cd8 Middlewares/ST/STM32_USB_Host_Library/Class/MSC/Src/usbh_msc.o
 .debug_info    0x0000000000017e43     0x1ad3 Middlewares/ST/STM32_USB_Host_Library/Class/MSC/Src/usbh_msc_bot.o
 .debug_info    0x0000000000019916     0x1b37 Middlewares/ST/STM32_USB_Host_Library/Class/MSC/Src/usbh_msc_scsi.o
 .debug_info    0x000000000001b44d     0x1815 Middlewares/ST/STM32_USB_Host_Library/Core/Src/usbh_core.o
 .debug_info    0x000000000001cc62     0x18e6 Middlewares/ST/STM32_USB_Host_Library/Core/Src/usbh_ctlreq.o
 .debug_info    0x000000000001e548     0x162f Middlewares/ST/STM32_USB_Host_Library/Core/Src/usbh_ioreq.o
 .debug_info    0x000000000001fb77     0x1457 Middlewares/ST/STM32_USB_Host_Library/Core/Src/usbh_pipes.o
 .debug_info    0x0000000000020fce     0x1652 Middlewares/Third_Party/FatFs/src/diskio.o
 .debug_info    0x0000000000022620     0x35ae Middlewares/Third_Party/FatFs/src/ff.o
 .debug_info    0x0000000000025bce     0x15e3 Middlewares/Third_Party/FatFs/src/ff_gen_drv.o
 .debug_info    0x00000000000271b1     0x139f USB_HOST/App/usb_host.o
 .debug_info    0x0000000000028550     0x2405 USB_HOST/Target/usbh_conf.o
 .debug_info    0x000000000002a955      0x29b USB_HOST/Target/usbh_platform.o

.debug_abbrev   0x0000000000000000     0x55d5
 .debug_abbrev  0x0000000000000000      0x30d Core/Src/CS43L22.o
 .debug_abbrev  0x000000000000030d      0x347 Core/Src/main.o
 .debug_abbrev  0x0000000000000654      0x1ea Core/Src/stm32f4xx_hal_msp.o
 .debug_abbrev  0x000000000000083e      0x1d0 Core/Src/stm32f4xx_it.o
 .debug_abbrev  0x0000000000000a0e      0x1e3 Core/Src/sysmem.o
 .debug_abbrev  0x0000000000000bf1      0x145 Core/Src/system_stm32f4xx.o
 .debug_abbrev  0x0000000000000d36       0x12 Core/Startup/startup_stm32f407vgtx.o
 .debug_abbrev  0x0000000000000d48      0x1ed Drivers/STM32F4xx_HAL_Driver/Src/stm32f4xx_hal.o
 .debug_abbrev  0x0000000000000f35      0x33c Drivers/STM32F4xx_HAL_Driver/Src/stm32f4xx_hal_cortex.o
 .debug_abbrev  0x0000000000001271      0x259 Drivers/STM32F4xx_HAL_Driver/Src/stm32f4xx_hal_dma.o
 .debug_abbrev  0x00000000000014ca      0x1f1 Drivers/STM32F4xx_HAL_Driver/Src/stm32f4xx_hal_gpio.o
 .debug_abbrev  0x00000000000016bb      0x28d Drivers/STM32F4xx_HAL_Driver/Src/stm32f4xx_hal_hcd.o
 .debug_abbrev  0x0000000000001948      0x282 Drivers/STM32F4xx_HAL_Driver/Src/stm32f4xx_hal_i2c.o
 .debug_abbrev  0x0000000000001bca      0x245 Drivers/STM32F4xx_HAL_Driver/Src/stm32f4xx_hal_i2s.o
 .debug_abbrev  0x0000000000001e0f      0x276 Drivers/STM32F4xx_HAL_Driver/Src/stm32f4xx_hal_i2s_ex.o
 .debug_abbrev  0x0000000000002085      0x275 Drivers/STM32F4xx_HAL_Driver/Src/stm32f4xx_hal_rcc.o
 .debug_abbrev  0x00000000000022fa      0x18f Drivers/STM32F4xx_HAL_Driver/Src/stm32f4xx_hal_rcc_ex.o
 .debug_abbrev  0x0000000000002489      0x26e Drivers/STM32F4xx_HAL_Driver/Src/stm32f4xx_hal_spi.o
 .debug_abbrev  0x00000000000026f7      0x2a7 Drivers/STM32F4xx_HAL_Driver/Src/stm32f4xx_ll_usb.o
 .debug_abbrev  0x000000000000299e      0x29e FATFS/App/fatfs.o
 .debug_abbrev  0x0000000000002c3c      0x2c8 FATFS/Target/usbh_diskio.o
 .debug_abbrev  0x0000000000002f04      0x35a Middlewares/ST/STM32_USB_Host_Library/Class/MSC/Src/usbh_msc.o
 .debug_abbrev  0x000000000000325e      0x315 Middlewares/ST/STM32_USB_Host_Library/Class/MSC/Src/usbh_msc_bot.o
 .debug_abbrev  0x0000000000003573      0x2f9 Middlewares/ST/STM32_USB_Host_Library/Class/MSC/Src/usbh_msc_scsi.o
 .debug_abbrev  0x000000000000386c      0x3b4 Middlewares/ST/STM32_USB_Host_Library/Core/Src/usbh_core.o
 .debug_abbrev  0x0000000000003c20      0x367 Middlewares/ST/STM32_USB_Host_Library/Core/Src/usbh_ctlreq.o
 .debug_abbrev  0x0000000000003f87      0x2b5 Middlewares/ST/STM32_USB_Host_Library/Core/Src/usbh_ioreq.o
 .debug_abbrev  0x000000000000423c      0x2f3 Middlewares/ST/STM32_USB_Host_Library/Core/Src/usbh_pipes.o
 .debug_abbrev  0x000000000000452f      0x2d5 Middlewares/Third_Party/FatFs/src/diskio.o
 .debug_abbrev  0x0000000000004804      0x376 Middlewares/Third_Party/FatFs/src/ff.o
 .debug_abbrev  0x0000000000004b7a      0x306 Middlewares/Third_Party/FatFs/src/ff_gen_drv.o
 .debug_abbrev  0x0000000000004e80      0x2a4 USB_HOST/App/usb_host.o
 .debug_abbrev  0x0000000000005124      0x397 USB_HOST/Target/usbh_conf.o
 .debug_abbrev  0x00000000000054bb      0x11a USB_HOST/Target/usbh_platform.o

.debug_aranges  0x0000000000000000     0x1528
 .debug_aranges
                0x0000000000000000       0x38 Core/Src/CS43L22.o
 .debug_aranges
                0x0000000000000038       0x58 Core/Src/main.o
 .debug_aranges
                0x0000000000000090       0x50 Core/Src/stm32f4xx_hal_msp.o
 .debug_aranges
                0x00000000000000e0       0x70 Core/Src/stm32f4xx_it.o
 .debug_aranges
                0x0000000000000150       0x20 Core/Src/sysmem.o